============================================================
MANA restart
============================================================
Job ID          : 51395336
Submit directory: /n/home06/pkrastev/Computer/User_Codes/Training/Checkpointing/Exercise4
Checkpoint dir  : /n/home06/pkrastev/Computer/User_Codes/Training/Checkpointing/Exercise4/checkpoints
MPI tasks       : 4
Node            : holy8a24102.rc.fas.harvard.edu
Time            : Thu Oct  8 16:37:07 EDT 2026
============================================================

Checkpoint directories:
drwx------. 2 pkrastev rc_admin 104 Oct  8 16:28 /n/home06/pkrastev/Computer/User_Codes/Training/Checkpointing/Exercise4/checkpoints/ckpt_rank_0
drwx------. 2 pkrastev rc_admin 104 Oct  8 16:28 /n/home06/pkrastev/Computer/User_Codes/Training/Checkpointing/Exercise4/checkpoints/ckpt_rank_1
drwx------. 2 pkrastev rc_admin 104 Oct  8 16:28 /n/home06/pkrastev/Computer/User_Codes/Training/Checkpointing/Exercise4/checkpoints/ckpt_rank_2
drwx------. 2 pkrastev rc_admin 104 Oct  8 16:28 /n/home06/pkrastev/Computer/User_Codes/Training/Checkpointing/Exercise4/checkpoints/ckpt_rank_3

Found 4 checkpoint rank directories.

Checkpoint files:
44173101277     11 -rwxr-xr-x   1  pkrastev rc_admin      113 Oct  8 16:28 /n/home06/pkrastev/Computer/User_Codes/Training/Checkpointing/Exercise4/checkpoints/ckpt_rank_0/header.mana
44179330541  33795 -rw-------   1  pkrastev rc_admin 50520168 Oct  8 16:28 /n/home06/pkrastev/Computer/User_Codes/Training/Checkpointing/Exercise4/checkpoints/ckpt_rank_0/ckpt_lower-half_473cc4dde9495f81-40000-655b4c22311f.dmtcp
44173690114  33811 -rw-------   1  pkrastev rc_admin 50516072 Oct  8 16:28 /n/home06/pkrastev/Computer/User_Codes/Training/Checkpointing/Exercise4/checkpoints/ckpt_rank_2/ckpt_lower-half_473cc4dde9495f81-41000-655b4c22565f.dmtcp
44174808420     11 -rwxr-xr-x   1  pkrastev rc_admin      113 Oct  8 16:28 /n/home06/pkrastev/Computer/User_Codes/Training/Checkpointing/Exercise4/checkpoints/ckpt_rank_2/header.mana
44150822255     11 -rwxr-xr-x   1  pkrastev rc_admin      113 Oct  8 16:28 /n/home06/pkrastev/Computer/User_Codes/Training/Checkpointing/Exercise4/checkpoints/ckpt_rank_1/header.mana
44174808448  33819 -rw-------   1  pkrastev rc_admin 50516072 Oct  8 16:28 /n/home06/pkrastev/Computer/User_Codes/Training/Checkpointing/Exercise4/checkpoints/ckpt_rank_1/ckpt_lower-half_473cc4dde9495f81-43000-655b4c2263fb.dmtcp
44156717300     11 -rwxr-xr-x   1  pkrastev rc_admin      113 Oct  8 16:28 /n/home06/pkrastev/Computer/User_Codes/Training/Checkpointing/Exercise4/checkpoints/ckpt_rank_3/header.mana
44156717342  33819 -rw-------   1  pkrastev rc_admin 50516072 Oct  8 16:28 /n/home06/pkrastev/Computer/User_Codes/Training/Checkpointing/Exercise4/checkpoints/ckpt_rank_3/ckpt_lower-half_473cc4dde9495f81-42000-655b4c227136.dmtcp

Restart working directory:
/n/home06/pkrastev/Computer/User_Codes/Training/Checkpointing/Exercise4/checkpoints

Starting MANA coordinator...
*** Coordinator/job information written to /n/home06/pkrastev/.mana-slurm-51395336.rc

Restarting MPI application...
Progress:  19.00%  darts=1900000000  pi=3.1416047789  error=+1.213e-05  elapsed=643.82 s
Progress:  19.20%  darts=1920000000  pi=3.1416034917  error=+1.084e-05  elapsed=644.85 s
Progress:  19.40%  darts=1940000000  pi=3.1416068660  error=+1.421e-05  elapsed=645.87 s
Progress:  19.60%  darts=1960000000  pi=3.1416080061  error=+1.535e-05  elapsed=646.90 s
Progress:  19.80%  darts=1980000000  pi=3.1416089859  error=+1.633e-05  elapsed=647.92 s
Progress:  20.00%  darts=2000000000  pi=3.1416089360  error=+1.628e-05  elapsed=648.95 s
Progress:  20.20%  darts=2020000000  pi=3.1416039050  error=+1.125e-05  elapsed=649.97 s
Progress:  20.40%  darts=2040000000  pi=3.1416002098  error=+7.556e-06  elapsed=651.00 s
Progress:  20.60%  darts=2060000000  pi=3.1416010699  error=+8.416e-06  elapsed=652.03 s
Progress:  20.80%  darts=2080000000  pi=3.1415959731  error=+3.319e-06  elapsed=653.05 s
Progress:  21.00%  darts=2100000000  pi=3.1415957219  error=+3.068e-06  elapsed=654.08 s
Progress:  21.20%  darts=2120000000  pi=3.1415894642  error=-3.189e-06  elapsed=655.10 s
Progress:  21.40%  darts=2140000000  pi=3.1415880131  error=-4.641e-06  elapsed=656.13 s
Progress:  21.60%  darts=2160000000  pi=3.1415858574  error=-6.796e-06  elapsed=657.15 s
Progress:  21.80%  darts=2180000000  pi=3.1415838073  error=-8.846e-06  elapsed=658.18 s
Progress:  22.00%  darts=2200000000  pi=3.1415845127  error=-8.141e-06  elapsed=661.29 s
Progress:  22.20%  darts=2220000000  pi=3.1415891387  error=-3.515e-06  elapsed=662.32 s
Progress:  22.40%  darts=2240000000  pi=3.1415874607  error=-5.193e-06  elapsed=663.34 s
Progress:  22.60%  darts=2260000000  pi=3.1415901770  error=-2.477e-06  elapsed=664.37 s
Progress:  22.80%  darts=2280000000  pi=3.1415946719  error=+2.018e-06  elapsed=665.39 s
Progress:  23.00%  darts=2300000000  pi=3.1415949530  error=+2.299e-06  elapsed=666.42 s
Progress:  23.20%  darts=2320000000  pi=3.1415938448  error=+1.191e-06  elapsed=667.45 s
Progress:  23.40%  darts=2340000000  pi=3.1415941778  error=+1.524e-06  elapsed=668.47 s
Progress:  23.60%  darts=2360000000  pi=3.1415921678  error=-4.858e-07  elapsed=669.50 s
Progress:  23.80%  darts=2380000000  pi=3.1415915294  error=-1.124e-06  elapsed=670.52 s
Progress:  24.00%  darts=2400000000  pi=3.1415892667  error=-3.387e-06  elapsed=671.55 s
Progress:  24.20%  darts=2420000000  pi=3.1415854694  error=-7.184e-06  elapsed=672.57 s
Progress:  24.40%  darts=2440000000  pi=3.1415873574  error=-5.296e-06  elapsed=673.60 s
Progress:  24.60%  darts=2460000000  pi=3.1415859431  error=-6.711e-06  elapsed=674.62 s
Progress:  24.80%  darts=2480000000  pi=3.1415824597  error=-1.019e-05  elapsed=675.65 s
Progress:  25.00%  darts=2500000000  pi=3.1415780880  error=-1.457e-05  elapsed=676.67 s
Progress:  25.20%  darts=2520000000  pi=3.1415786905  error=-1.396e-05  elapsed=679.81 s
Progress:  25.40%  darts=2540000000  pi=3.1415817748  error=-1.088e-05  elapsed=680.83 s
Progress:  25.60%  darts=2560000000  pi=3.1415842875  error=-8.366e-06  elapsed=681.86 s
Progress:  25.80%  darts=2580000000  pi=3.1415835442  error=-9.109e-06  elapsed=682.88 s
Progress:  26.00%  darts=2600000000  pi=3.1415779954  error=-1.466e-05  elapsed=683.91 s
Progress:  26.20%  darts=2620000000  pi=3.1415755435  error=-1.711e-05  elapsed=684.93 s
Progress:  26.40%  darts=2640000000  pi=3.1415789985  error=-1.366e-05  elapsed=685.96 s
Progress:  26.60%  darts=2660000000  pi=3.1415826256  error=-1.003e-05  elapsed=686.98 s
Progress:  26.80%  darts=2680000000  pi=3.1415899537  error=-2.700e-06  elapsed=688.01 s
Progress:  27.00%  darts=2700000000  pi=3.1415874622  error=-5.191e-06  elapsed=689.04 s
Progress:  27.20%  darts=2720000000  pi=3.1415871338  error=-5.520e-06  elapsed=690.06 s
Progress:  27.40%  darts=2740000000  pi=3.1415934861  error=+8.325e-07  elapsed=691.09 s
Progress:  27.60%  darts=2760000000  pi=3.1415941261  error=+1.472e-06  elapsed=692.11 s
Progress:  27.80%  darts=2780000000  pi=3.1415938820  error=+1.228e-06  elapsed=693.14 s
Progress:  28.00%  darts=2800000000  pi=3.1415956300  error=+2.976e-06  elapsed=694.16 s
Progress:  28.20%  darts=2820000000  pi=3.1415970851  error=+4.432e-06  elapsed=695.19 s
Progress:  28.40%  darts=2840000000  pi=3.1415980592  error=+5.406e-06  elapsed=698.30 s
Progress:  28.60%  darts=2860000000  pi=3.1415957063  error=+3.053e-06  elapsed=699.33 s
Progress:  28.80%  darts=2880000000  pi=3.1415960819  error=+3.428e-06  elapsed=700.35 s
Progress:  29.00%  darts=2900000000  pi=3.1415950538  error=+2.400e-06  elapsed=701.38 s
Progress:  29.20%  darts=2920000000  pi=3.1415935438  error=+8.902e-07  elapsed=702.40 s
Progress:  29.40%  darts=2940000000  pi=3.1415886476  error=-4.006e-06  elapsed=703.43 s
Progress:  29.60%  darts=2960000000  pi=3.1415872054  error=-5.448e-06  elapsed=704.45 s
Progress:  29.80%  darts=2980000000  pi=3.1415879933  error=-4.660e-06  elapsed=705.48 s
Progress:  30.00%  darts=3000000000  pi=3.1415881573  error=-4.496e-06  elapsed=706.51 s
Progress:  30.20%  darts=3020000000  pi=3.1415882172  error=-4.436e-06  elapsed=707.54 s
Progress:  30.40%  darts=3040000000  pi=3.1415891500  error=-3.504e-06  elapsed=708.56 s
Progress:  30.60%  darts=3060000000  pi=3.1415897948  error=-2.859e-06  elapsed=709.59 s
Progress:  30.80%  darts=3080000000  pi=3.1415897247  error=-2.929e-06  elapsed=710.61 s
Progress:  31.00%  darts=3100000000  pi=3.1415886465  error=-4.007e-06  elapsed=711.64 s
Progress:  31.20%  darts=3120000000  pi=3.1415854500  error=-7.204e-06  elapsed=712.66 s
Progress:  31.40%  darts=3140000000  pi=3.1415863516  error=-6.302e-06  elapsed=715.80 s
Progress:  31.60%  darts=3160000000  pi=3.1415867494  error=-5.904e-06  elapsed=716.82 s
Progress:  31.80%  darts=3180000000  pi=3.1415857132  error=-6.940e-06  elapsed=717.85 s
Progress:  32.00%  darts=3200000000  pi=3.1415863363  error=-6.317e-06  elapsed=718.87 s
Progress:  32.20%  darts=3220000000  pi=3.1415893528  error=-3.301e-06  elapsed=719.90 s
Progress:  32.40%  darts=3240000000  pi=3.1415878852  error=-4.768e-06  elapsed=720.93 s
Progress:  32.60%  darts=3260000000  pi=3.1415847767  error=-7.877e-06  elapsed=721.95 s
Progress:  32.80%  darts=3280000000  pi=3.1415826463  error=-1.001e-05  elapsed=722.98 s
Progress:  33.00%  darts=3300000000  pi=3.1415830897  error=-9.564e-06  elapsed=724.00 s
Progress:  33.20%  darts=3320000000  pi=3.1415810349  error=-1.162e-05  elapsed=725.03 s
Progress:  33.40%  darts=3340000000  pi=3.1415813940  error=-1.126e-05  elapsed=726.05 s
Progress:  33.60%  darts=3360000000  pi=3.1415793905  error=-1.326e-05  elapsed=727.08 s
Progress:  33.80%  darts=3380000000  pi=3.1415768781  error=-1.578e-05  elapsed=728.10 s
Progress:  34.00%  darts=3400000000  pi=3.1415736235  error=-1.903e-05  elapsed=729.13 s
Progress:  34.20%  darts=3420000000  pi=3.1415740152  error=-1.864e-05  elapsed=730.15 s
Progress:  34.40%  darts=3440000000  pi=3.1415743826  error=-1.827e-05  elapsed=731.18 s
Progress:  34.60%  darts=3460000000  pi=3.1415766462  error=-1.601e-05  elapsed=734.31 s
Progress:  34.80%  darts=3480000000  pi=3.1415774241  error=-1.523e-05  elapsed=735.33 s
Progress:  35.00%  darts=3500000000  pi=3.1415747886  error=-1.787e-05  elapsed=736.36 s
Progress:  35.20%  darts=3520000000  pi=3.1415741250  error=-1.853e-05  elapsed=737.38 s
Progress:  35.40%  darts=3540000000  pi=3.1415741446  error=-1.851e-05  elapsed=738.41 s
Progress:  35.60%  darts=3560000000  pi=3.1415739225  error=-1.873e-05  elapsed=739.43 s
Progress:  35.80%  darts=3580000000  pi=3.1415751475  error=-1.751e-05  elapsed=740.46 s
Progress:  36.00%  darts=3600000000  pi=3.1415723644  error=-2.029e-05  elapsed=741.48 s
Progress:  36.20%  darts=3620000000  pi=3.1415734807  error=-1.917e-05  elapsed=742.51 s
Progress:  36.40%  darts=3640000000  pi=3.1415719769  error=-2.068e-05  elapsed=743.53 s
Progress:  36.60%  darts=3660000000  pi=3.1415748186  error=-1.784e-05  elapsed=744.56 s
Progress:  36.80%  darts=3680000000  pi=3.1415764272  error=-1.623e-05  elapsed=745.58 s
Progress:  37.00%  darts=3700000000  pi=3.1415775081  error=-1.515e-05  elapsed=746.61 s
Progress:  37.20%  darts=3720000000  pi=3.1415786806  error=-1.397e-05  elapsed=747.64 s
Progress:  37.40%  darts=3740000000  pi=3.1415822086  error=-1.045e-05  elapsed=748.66 s
Progress:  37.60%  darts=3760000000  pi=3.1415840298  error=-8.624e-06  elapsed=749.69 s
Progress:  37.80%  darts=3780000000  pi=3.1415839450  error=-8.709e-06  elapsed=752.78 s
Progress:  38.00%  darts=3800000000  pi=3.1415844495  error=-8.204e-06  elapsed=753.81 s
Progress:  38.20%  darts=3820000000  pi=3.1415860471  error=-6.606e-06  elapsed=754.84 s
Progress:  38.40%  darts=3840000000  pi=3.1415844437  error=-8.210e-06  elapsed=755.86 s
Progress:  38.60%  darts=3860000000  pi=3.1415842259  error=-8.428e-06  elapsed=756.89 s
Progress:  38.80%  darts=3880000000  pi=3.1415838186  error=-8.835e-06  elapsed=757.91 s
Progress:  39.00%  darts=3900000000  pi=3.1415877456  error=-4.908e-06  elapsed=758.94 s
Progress:  39.20%  darts=3920000000  pi=3.1415896837  error=-2.970e-06  elapsed=759.96 s
Progress:  39.40%  darts=3940000000  pi=3.1415913005  error=-1.353e-06  elapsed=760.99 s
Progress:  39.60%  darts=3960000000  pi=3.1415953232  error=+2.670e-06  elapsed=762.02 s
Progress:  39.80%  darts=3980000000  pi=3.1415946573  error=+2.004e-06  elapsed=763.04 s
Progress:  40.00%  darts=4000000000  pi=3.1415949890  error=+2.335e-06  elapsed=764.07 s
Progress:  40.20%  darts=4020000000  pi=3.1415921572  error=-4.964e-07  elapsed=765.11 s
Progress:  40.40%  darts=4040000000  pi=3.1415942129  error=+1.559e-06  elapsed=766.13 s
Progress:  40.60%  darts=4060000000  pi=3.1415937005  error=+1.047e-06  elapsed=767.16 s
