============================================================
MANA restart
============================================================
Job ID          : 15392
Submit directory: /n/home06/pkrastev/Computer/User_Codes/Training/Checkpointing/Exercise4
Checkpoint dir  : /n/home06/pkrastev/Computer/User_Codes/Training/Checkpointing/Exercise4/checkpoints
MPI tasks       : 4
Node            : holy7c26401.rc.fas.harvard.edu
Time            : Thu Sep 24 13:04:01 EDT 2026
============================================================

Checkpoint directories:
drwx------. 2 pkrastev rc_admin 105 Sep 24 12:54 /n/home06/pkrastev/Computer/User_Codes/Training/Checkpointing/Exercise4/checkpoints/ckpt_rank_0
drwx------. 2 pkrastev rc_admin 105 Sep 24 12:54 /n/home06/pkrastev/Computer/User_Codes/Training/Checkpointing/Exercise4/checkpoints/ckpt_rank_1
drwx------. 2 pkrastev rc_admin 105 Sep 24 12:54 /n/home06/pkrastev/Computer/User_Codes/Training/Checkpointing/Exercise4/checkpoints/ckpt_rank_2
drwx------. 2 pkrastev rc_admin 105 Sep 24 12:54 /n/home06/pkrastev/Computer/User_Codes/Training/Checkpointing/Exercise4/checkpoints/ckpt_rank_3

Found 4 checkpoint rank directories.

Checkpoint files:
43454974425     11 -rwxr-xr-x   1  pkrastev rc_admin        4 Sep 24 12:54 /n/home06/pkrastev/Computer/User_Codes/Training/Checkpointing/Exercise4/checkpoints/ckpt_rank_0/header.mana
43454974615  23651 -rw-------   1  pkrastev rc_admin 35483904 Sep 24 12:54 /n/home06/pkrastev/Computer/User_Codes/Training/Checkpointing/Exercise4/checkpoints/ckpt_rank_0/ckpt_lower-half_100242aeaf00ee78-41000-ab449521515b2.dmtcp
43299485345     11 -rwxr-xr-x   1  pkrastev rc_admin        4 Sep 24 12:54 /n/home06/pkrastev/Computer/User_Codes/Training/Checkpointing/Exercise4/checkpoints/ckpt_rank_2/header.mana
42763335492  23963 -rw-------   1  pkrastev rc_admin 35479808 Sep 24 12:54 /n/home06/pkrastev/Computer/User_Codes/Training/Checkpointing/Exercise4/checkpoints/ckpt_rank_2/ckpt_lower-half_100242aeaf00ee78-42000-ab4495214f82e.dmtcp
42763335271     11 -rwxr-xr-x   1  pkrastev rc_admin        4 Sep 24 12:54 /n/home06/pkrastev/Computer/User_Codes/Training/Checkpointing/Exercise4/checkpoints/ckpt_rank_1/header.mana
43458500479  23651 -rw-------   1  pkrastev rc_admin 35479808 Sep 24 12:54 /n/home06/pkrastev/Computer/User_Codes/Training/Checkpointing/Exercise4/checkpoints/ckpt_rank_1/ckpt_lower-half_100242aeaf00ee78-40000-ab449521476f9.dmtcp
43454974426     11 -rwxr-xr-x   1  pkrastev rc_admin        4 Sep 24 12:54 /n/home06/pkrastev/Computer/User_Codes/Training/Checkpointing/Exercise4/checkpoints/ckpt_rank_3/header.mana
43229355243  23963 -rw-------   1  pkrastev rc_admin 35479808 Sep 24 12:54 /n/home06/pkrastev/Computer/User_Codes/Training/Checkpointing/Exercise4/checkpoints/ckpt_rank_3/ckpt_lower-half_100242aeaf00ee78-43000-ab44952149d8c.dmtcp

Restart working directory:
/n/home06/pkrastev/Computer/User_Codes/Training/Checkpointing/Exercise4/checkpoints

Starting MANA coordinator...
*** Coordinator/job information written to /n/home06/pkrastev/.mana-slurm-15392.rc

Restarting MPI application...
Progress:  19.20%  darts=1920000000  pi=3.1416034917  error=+1.084e-05  elapsed=687.78 s
Progress:  19.40%  darts=1940000000  pi=3.1416068660  error=+1.421e-05  elapsed=688.81 s
Progress:  19.60%  darts=1960000000  pi=3.1416080061  error=+1.535e-05  elapsed=689.83 s
Progress:  19.80%  darts=1980000000  pi=3.1416089859  error=+1.633e-05  elapsed=690.86 s
Progress:  20.00%  darts=2000000000  pi=3.1416089360  error=+1.628e-05  elapsed=691.88 s
Progress:  20.20%  darts=2020000000  pi=3.1416039050  error=+1.125e-05  elapsed=692.91 s
Progress:  20.40%  darts=2040000000  pi=3.1416002098  error=+7.556e-06  elapsed=693.94 s
Progress:  20.60%  darts=2060000000  pi=3.1416010699  error=+8.416e-06  elapsed=694.96 s
Progress:  20.80%  darts=2080000000  pi=3.1415959731  error=+3.319e-06  elapsed=695.99 s
Progress:  21.00%  darts=2100000000  pi=3.1415957219  error=+3.068e-06  elapsed=697.01 s
Progress:  21.20%  darts=2120000000  pi=3.1415894642  error=-3.189e-06  elapsed=698.04 s
Progress:  21.40%  darts=2140000000  pi=3.1415880131  error=-4.641e-06  elapsed=699.07 s
Progress:  21.60%  darts=2160000000  pi=3.1415858574  error=-6.796e-06  elapsed=700.09 s
Progress:  21.80%  darts=2180000000  pi=3.1415838073  error=-8.846e-06  elapsed=701.12 s
Progress:  22.00%  darts=2200000000  pi=3.1415845127  error=-8.141e-06  elapsed=702.15 s
Progress:  22.20%  darts=2220000000  pi=3.1415891387  error=-3.515e-06  elapsed=703.17 s
Progress:  22.40%  darts=2240000000  pi=3.1415874607  error=-5.193e-06  elapsed=707.76 s
Progress:  22.60%  darts=2260000000  pi=3.1415901770  error=-2.477e-06  elapsed=708.79 s
Progress:  22.80%  darts=2280000000  pi=3.1415946719  error=+2.018e-06  elapsed=709.81 s
Progress:  23.00%  darts=2300000000  pi=3.1415949530  error=+2.299e-06  elapsed=710.84 s
Progress:  23.20%  darts=2320000000  pi=3.1415938448  error=+1.191e-06  elapsed=711.86 s
Progress:  23.40%  darts=2340000000  pi=3.1415941778  error=+1.524e-06  elapsed=712.89 s
Progress:  23.60%  darts=2360000000  pi=3.1415921678  error=-4.858e-07  elapsed=713.92 s
Progress:  23.80%  darts=2380000000  pi=3.1415915294  error=-1.124e-06  elapsed=714.94 s
Progress:  24.00%  darts=2400000000  pi=3.1415892667  error=-3.387e-06  elapsed=715.97 s
Progress:  24.20%  darts=2420000000  pi=3.1415854694  error=-7.184e-06  elapsed=716.99 s
Progress:  24.40%  darts=2440000000  pi=3.1415873574  error=-5.296e-06  elapsed=718.02 s
Progress:  24.60%  darts=2460000000  pi=3.1415859431  error=-6.711e-06  elapsed=719.05 s
Progress:  24.80%  darts=2480000000  pi=3.1415824597  error=-1.019e-05  elapsed=720.07 s
Progress:  25.00%  darts=2500000000  pi=3.1415780880  error=-1.457e-05  elapsed=721.10 s
Progress:  25.20%  darts=2520000000  pi=3.1415786905  error=-1.396e-05  elapsed=722.13 s
Progress:  25.40%  darts=2540000000  pi=3.1415817748  error=-1.088e-05  elapsed=723.15 s
Progress:  25.60%  darts=2560000000  pi=3.1415842875  error=-8.366e-06  elapsed=728.19 s
Progress:  25.80%  darts=2580000000  pi=3.1415835442  error=-9.109e-06  elapsed=729.21 s
Progress:  26.00%  darts=2600000000  pi=3.1415779954  error=-1.466e-05  elapsed=730.24 s
Progress:  26.20%  darts=2620000000  pi=3.1415755435  error=-1.711e-05  elapsed=731.26 s
Progress:  26.40%  darts=2640000000  pi=3.1415789985  error=-1.366e-05  elapsed=732.29 s
Progress:  26.60%  darts=2660000000  pi=3.1415826256  error=-1.003e-05  elapsed=733.32 s
Progress:  26.80%  darts=2680000000  pi=3.1415899537  error=-2.700e-06  elapsed=734.34 s
Progress:  27.00%  darts=2700000000  pi=3.1415874622  error=-5.191e-06  elapsed=735.37 s
Progress:  27.20%  darts=2720000000  pi=3.1415871338  error=-5.520e-06  elapsed=736.40 s
Progress:  27.40%  darts=2740000000  pi=3.1415934861  error=+8.325e-07  elapsed=737.42 s
Progress:  27.60%  darts=2760000000  pi=3.1415941261  error=+1.472e-06  elapsed=738.45 s
Progress:  27.80%  darts=2780000000  pi=3.1415938820  error=+1.228e-06  elapsed=739.47 s
Progress:  28.00%  darts=2800000000  pi=3.1415956300  error=+2.976e-06  elapsed=740.50 s
Progress:  28.20%  darts=2820000000  pi=3.1415970851  error=+4.432e-06  elapsed=741.53 s
Progress:  28.40%  darts=2840000000  pi=3.1415980592  error=+5.406e-06  elapsed=742.55 s
Progress:  28.60%  darts=2860000000  pi=3.1415957063  error=+3.053e-06  elapsed=743.58 s
Progress:  28.80%  darts=2880000000  pi=3.1415960819  error=+3.428e-06  elapsed=749.09 s
Progress:  29.00%  darts=2900000000  pi=3.1415950538  error=+2.400e-06  elapsed=750.11 s
Progress:  29.20%  darts=2920000000  pi=3.1415935438  error=+8.902e-07  elapsed=751.14 s
Progress:  29.40%  darts=2940000000  pi=3.1415886476  error=-4.006e-06  elapsed=752.16 s
Progress:  29.60%  darts=2960000000  pi=3.1415872054  error=-5.448e-06  elapsed=753.19 s
Progress:  29.80%  darts=2980000000  pi=3.1415879933  error=-4.660e-06  elapsed=754.22 s
Progress:  30.00%  darts=3000000000  pi=3.1415881573  error=-4.496e-06  elapsed=755.24 s
Progress:  30.20%  darts=3020000000  pi=3.1415882172  error=-4.436e-06  elapsed=756.27 s
Progress:  30.40%  darts=3040000000  pi=3.1415891500  error=-3.504e-06  elapsed=757.29 s
Progress:  30.60%  darts=3060000000  pi=3.1415897948  error=-2.859e-06  elapsed=758.32 s
Progress:  30.80%  darts=3080000000  pi=3.1415897247  error=-2.929e-06  elapsed=759.35 s
Progress:  31.00%  darts=3100000000  pi=3.1415886465  error=-4.007e-06  elapsed=760.37 s
Progress:  31.20%  darts=3120000000  pi=3.1415854500  error=-7.204e-06  elapsed=761.40 s
Progress:  31.40%  darts=3140000000  pi=3.1415863516  error=-6.302e-06  elapsed=762.42 s
Progress:  31.60%  darts=3160000000  pi=3.1415867494  error=-5.904e-06  elapsed=763.45 s
Progress:  31.80%  darts=3180000000  pi=3.1415857132  error=-6.940e-06  elapsed=764.48 s
Progress:  32.00%  darts=3200000000  pi=3.1415863363  error=-6.317e-06  elapsed=770.31 s
Progress:  32.20%  darts=3220000000  pi=3.1415893528  error=-3.301e-06  elapsed=771.34 s
Progress:  32.40%  darts=3240000000  pi=3.1415878852  error=-4.768e-06  elapsed=772.37 s
Progress:  32.60%  darts=3260000000  pi=3.1415847767  error=-7.877e-06  elapsed=773.39 s
Progress:  32.80%  darts=3280000000  pi=3.1415826463  error=-1.001e-05  elapsed=774.42 s
Progress:  33.00%  darts=3300000000  pi=3.1415830897  error=-9.564e-06  elapsed=775.44 s
Progress:  33.20%  darts=3320000000  pi=3.1415810349  error=-1.162e-05  elapsed=776.47 s
Progress:  33.40%  darts=3340000000  pi=3.1415813940  error=-1.126e-05  elapsed=777.50 s
Progress:  33.60%  darts=3360000000  pi=3.1415793905  error=-1.326e-05  elapsed=778.52 s
Progress:  33.80%  darts=3380000000  pi=3.1415768781  error=-1.578e-05  elapsed=779.55 s
Progress:  34.00%  darts=3400000000  pi=3.1415736235  error=-1.903e-05  elapsed=780.58 s
Progress:  34.20%  darts=3420000000  pi=3.1415740152  error=-1.864e-05  elapsed=781.60 s
Progress:  34.40%  darts=3440000000  pi=3.1415743826  error=-1.827e-05  elapsed=782.63 s
Progress:  34.60%  darts=3460000000  pi=3.1415766462  error=-1.601e-05  elapsed=783.65 s
Progress:  34.80%  darts=3480000000  pi=3.1415774241  error=-1.523e-05  elapsed=784.68 s
Progress:  35.00%  darts=3500000000  pi=3.1415747886  error=-1.787e-05  elapsed=785.71 s
Progress:  35.20%  darts=3520000000  pi=3.1415741250  error=-1.853e-05  elapsed=791.92 s
Progress:  35.40%  darts=3540000000  pi=3.1415741446  error=-1.851e-05  elapsed=792.94 s
Progress:  35.60%  darts=3560000000  pi=3.1415739225  error=-1.873e-05  elapsed=793.97 s
Progress:  35.80%  darts=3580000000  pi=3.1415751475  error=-1.751e-05  elapsed=795.00 s
Progress:  36.00%  darts=3600000000  pi=3.1415723644  error=-2.029e-05  elapsed=796.02 s
Progress:  36.20%  darts=3620000000  pi=3.1415734807  error=-1.917e-05  elapsed=797.05 s
Progress:  36.40%  darts=3640000000  pi=3.1415719769  error=-2.068e-05  elapsed=798.08 s
Progress:  36.60%  darts=3660000000  pi=3.1415748186  error=-1.784e-05  elapsed=799.10 s
Progress:  36.80%  darts=3680000000  pi=3.1415764272  error=-1.623e-05  elapsed=800.13 s
Progress:  37.00%  darts=3700000000  pi=3.1415775081  error=-1.515e-05  elapsed=801.15 s
Progress:  37.20%  darts=3720000000  pi=3.1415786806  error=-1.397e-05  elapsed=802.18 s
Progress:  37.40%  darts=3740000000  pi=3.1415822086  error=-1.045e-05  elapsed=803.21 s
Progress:  37.60%  darts=3760000000  pi=3.1415840298  error=-8.624e-06  elapsed=804.23 s
Progress:  37.80%  darts=3780000000  pi=3.1415839450  error=-8.709e-06  elapsed=805.26 s
Progress:  38.00%  darts=3800000000  pi=3.1415844495  error=-8.204e-06  elapsed=806.28 s
Progress:  38.20%  darts=3820000000  pi=3.1415860471  error=-6.606e-06  elapsed=807.31 s
Progress:  38.40%  darts=3840000000  pi=3.1415844437  error=-8.210e-06  elapsed=813.99 s
Progress:  38.60%  darts=3860000000  pi=3.1415842259  error=-8.428e-06  elapsed=815.01 s
Progress:  38.80%  darts=3880000000  pi=3.1415838186  error=-8.835e-06  elapsed=816.04 s
Progress:  39.00%  darts=3900000000  pi=3.1415877456  error=-4.908e-06  elapsed=817.06 s
Progress:  39.20%  darts=3920000000  pi=3.1415896837  error=-2.970e-06  elapsed=818.09 s
Progress:  39.40%  darts=3940000000  pi=3.1415913005  error=-1.353e-06  elapsed=819.12 s
Progress:  39.60%  darts=3960000000  pi=3.1415953232  error=+2.670e-06  elapsed=820.14 s
Progress:  39.80%  darts=3980000000  pi=3.1415946573  error=+2.004e-06  elapsed=821.17 s
Progress:  40.00%  darts=4000000000  pi=3.1415949890  error=+2.335e-06  elapsed=822.20 s
Progress:  40.20%  darts=4020000000  pi=3.1415921572  error=-4.964e-07  elapsed=823.22 s
Progress:  40.40%  darts=4040000000  pi=3.1415942129  error=+1.559e-06  elapsed=824.25 s
Progress:  40.60%  darts=4060000000  pi=3.1415937005  error=+1.047e-06  elapsed=825.27 s
Progress:  40.80%  darts=4080000000  pi=3.1415920039  error=-6.497e-07  elapsed=826.30 s
Progress:  41.00%  darts=4100000000  pi=3.1415960673  error=+3.414e-06  elapsed=827.33 s
Progress:  41.20%  darts=4120000000  pi=3.1415952913  error=+2.638e-06  elapsed=828.35 s
Progress:  41.40%  darts=4140000000  pi=3.1415973768  error=+4.723e-06  elapsed=829.38 s
Progress:  41.60%  darts=4160000000  pi=3.1415986529  error=+5.999e-06  elapsed=836.38 s
Progress:  41.80%  darts=4180000000  pi=3.1415992316  error=+6.578e-06  elapsed=837.40 s
Progress:  42.00%  darts=4200000000  pi=3.1415995343  error=+6.881e-06  elapsed=838.43 s
Progress:  42.20%  darts=4220000000  pi=3.1415994521  error=+6.799e-06  elapsed=839.45 s
Progress:  42.40%  darts=4240000000  pi=3.1415950604  error=+2.407e-06  elapsed=840.48 s
Progress:  42.60%  darts=4260000000  pi=3.1415932582  error=+6.046e-07  elapsed=841.51 s
Progress:  42.80%  darts=4280000000  pi=3.1415937766  error=+1.123e-06  elapsed=842.53 s
Progress:  43.00%  darts=4300000000  pi=3.1415952493  error=+2.596e-06  elapsed=843.56 s
Progress:  43.20%  darts=4320000000  pi=3.1415950037  error=+2.350e-06  elapsed=844.58 s
Progress:  43.40%  darts=4340000000  pi=3.1415925770  error=-7.663e-08  elapsed=845.61 s
Progress:  43.60%  darts=4360000000  pi=3.1415931450  error=+4.914e-07  elapsed=846.64 s
Progress:  43.80%  darts=4380000000  pi=3.1415917626  error=-8.910e-07  elapsed=847.66 s
Progress:  44.00%  darts=4400000000  pi=3.1415906845  error=-1.969e-06  elapsed=848.69 s
Progress:  44.20%  darts=4420000000  pi=3.1415889403  error=-3.713e-06  elapsed=849.72 s
Progress:  44.40%  darts=4440000000  pi=3.1415929901  error=+3.365e-07  elapsed=850.74 s
Progress:  44.60%  darts=4460000000  pi=3.1415917776  error=-8.760e-07  elapsed=851.77 s
Progress:  44.80%  darts=4480000000  pi=3.1415934607  error=+8.071e-07  elapsed=859.17 s
Progress:  45.00%  darts=4500000000  pi=3.1415926320  error=-2.159e-08  elapsed=860.20 s
Progress:  45.20%  darts=4520000000  pi=3.1415923584  error=-2.952e-07  elapsed=861.22 s
Progress:  45.40%  darts=4540000000  pi=3.1415949665  error=+2.313e-06  elapsed=862.25 s
Progress:  45.60%  darts=4560000000  pi=3.1415910491  error=-1.604e-06  elapsed=863.28 s
Progress:  45.80%  darts=4580000000  pi=3.1415904140  error=-2.240e-06  elapsed=864.30 s
Progress:  46.00%  darts=4600000000  pi=3.1415916478  error=-1.006e-06  elapsed=865.33 s
Progress:  46.20%  darts=4620000000  pi=3.1415885160  error=-4.138e-06  elapsed=866.35 s
Progress:  46.40%  darts=4640000000  pi=3.1415890448  error=-3.609e-06  elapsed=867.38 s
Progress:  46.60%  darts=4660000000  pi=3.1415873528  error=-5.301e-06  elapsed=868.41 s
Progress:  46.80%  darts=4680000000  pi=3.1415907650  error=-1.889e-06  elapsed=869.43 s
Progress:  47.00%  darts=4700000000  pi=3.1415911200  error=-1.534e-06  elapsed=870.46 s
Progress:  47.20%  darts=4720000000  pi=3.1415903288  error=-2.325e-06  elapsed=871.49 s
Progress:  47.40%  darts=4740000000  pi=3.1415924633  error=-1.903e-07  elapsed=872.51 s
Progress:  47.60%  darts=4760000000  pi=3.1415904546  error=-2.199e-06  elapsed=873.54 s
Progress:  47.80%  darts=4780000000  pi=3.1415917582  error=-8.954e-07  elapsed=874.56 s
Progress:  48.00%  darts=4800000000  pi=3.1415923467  error=-3.069e-07  elapsed=882.40 s
Progress:  48.20%  darts=4820000000  pi=3.1415945768  error=+1.923e-06  elapsed=883.43 s
Progress:  48.40%  darts=4840000000  pi=3.1415963595  error=+3.706e-06  elapsed=884.45 s
Progress:  48.60%  darts=4860000000  pi=3.1415983712  error=+5.718e-06  elapsed=885.48 s
Progress:  48.80%  darts=4880000000  pi=3.1415976336  error=+4.980e-06  elapsed=886.50 s
Progress:  49.00%  darts=4900000000  pi=3.1415993143  error=+6.661e-06  elapsed=887.53 s
Progress:  49.20%  darts=4920000000  pi=3.1415980496  error=+5.396e-06  elapsed=888.56 s
Progress:  49.40%  darts=4940000000  pi=3.1415990348  error=+6.381e-06  elapsed=889.58 s
Progress:  49.60%  darts=4960000000  pi=3.1416004145  error=+7.761e-06  elapsed=890.61 s
Progress:  49.80%  darts=4980000000  pi=3.1416000137  error=+7.360e-06  elapsed=891.63 s
Progress:  50.00%  darts=5000000000  pi=3.1415984360  error=+5.782e-06  elapsed=892.66 s
Progress:  50.20%  darts=5020000000  pi=3.1415994924  error=+6.839e-06  elapsed=893.69 s
Progress:  50.40%  darts=5040000000  pi=3.1415996587  error=+7.005e-06  elapsed=894.71 s
Progress:  50.60%  darts=5060000000  pi=3.1416020522  error=+9.399e-06  elapsed=895.74 s
Progress:  50.80%  darts=5080000000  pi=3.1416022724  error=+9.619e-06  elapsed=896.77 s
Progress:  51.00%  darts=5100000000  pi=3.1416040996  error=+1.145e-05  elapsed=897.79 s
Progress:  51.20%  darts=5120000000  pi=3.1416057742  error=+1.312e-05  elapsed=905.93 s
Progress:  51.40%  darts=5140000000  pi=3.1416061572  error=+1.350e-05  elapsed=906.96 s
Progress:  51.60%  darts=5160000000  pi=3.1416053884  error=+1.273e-05  elapsed=907.99 s
Progress:  51.80%  darts=5180000000  pi=3.1416040069  error=+1.135e-05  elapsed=909.01 s
Progress:  52.00%  darts=5200000000  pi=3.1416064531  error=+1.380e-05  elapsed=910.04 s
Progress:  52.20%  darts=5220000000  pi=3.1416032950  error=+1.064e-05  elapsed=911.06 s
Progress:  52.40%  darts=5240000000  pi=3.1416042237  error=+1.157e-05  elapsed=912.09 s
Progress:  52.60%  darts=5260000000  pi=3.1416029574  error=+1.030e-05  elapsed=913.12 s
Progress:  52.80%  darts=5280000000  pi=3.1416052000  error=+1.255e-05  elapsed=914.14 s
Progress:  53.00%  darts=5300000000  pi=3.1416048226  error=+1.217e-05  elapsed=915.17 s
Progress:  53.20%  darts=5320000000  pi=3.1416079850  error=+1.533e-05  elapsed=916.20 s
Progress:  53.40%  darts=5340000000  pi=3.1416085348  error=+1.588e-05  elapsed=917.22 s
Progress:  53.60%  darts=5360000000  pi=3.1416093918  error=+1.674e-05  elapsed=918.25 s
Progress:  53.80%  darts=5380000000  pi=3.1416087442  error=+1.609e-05  elapsed=919.27 s
Progress:  54.00%  darts=5400000000  pi=3.1416078059  error=+1.515e-05  elapsed=920.30 s
Progress:  54.20%  darts=5420000000  pi=3.1416096413  error=+1.699e-05  elapsed=921.33 s
Progress:  54.40%  darts=5440000000  pi=3.1416071015  error=+1.445e-05  elapsed=929.86 s
Progress:  54.60%  darts=5460000000  pi=3.1416081143  error=+1.546e-05  elapsed=930.89 s
Progress:  54.80%  darts=5480000000  pi=3.1416085803  error=+1.593e-05  elapsed=931.91 s
Progress:  55.00%  darts=5500000000  pi=3.1416093324  error=+1.668e-05  elapsed=932.94 s
Progress:  55.20%  darts=5520000000  pi=3.1416086080  error=+1.595e-05  elapsed=933.96 s
Progress:  55.40%  darts=5540000000  pi=3.1416093827  error=+1.673e-05  elapsed=934.99 s
Progress:  55.60%  darts=5560000000  pi=3.1416085237  error=+1.587e-05  elapsed=936.02 s
Progress:  55.80%  darts=5580000000  pi=3.1416071563  error=+1.450e-05  elapsed=937.04 s
Progress:  56.00%  darts=5600000000  pi=3.1416071971  error=+1.454e-05  elapsed=938.07 s
Progress:  56.20%  darts=5620000000  pi=3.1416074377  error=+1.478e-05  elapsed=939.10 s
Progress:  56.40%  darts=5640000000  pi=3.1416078355  error=+1.518e-05  elapsed=940.12 s
Progress:  56.60%  darts=5660000000  pi=3.1416066650  error=+1.401e-05  elapsed=941.15 s
Progress:  56.80%  darts=5680000000  pi=3.1416070268  error=+1.437e-05  elapsed=942.17 s
Progress:  57.00%  darts=5700000000  pi=3.1416080596  error=+1.541e-05  elapsed=943.20 s
Progress:  57.20%  darts=5720000000  pi=3.1416054839  error=+1.283e-05  elapsed=944.23 s
Progress:  57.40%  darts=5740000000  pi=3.1416054411  error=+1.279e-05  elapsed=945.25 s
Progress:  57.60%  darts=5760000000  pi=3.1416058917  error=+1.324e-05  elapsed=954.20 s
Progress:  57.80%  darts=5780000000  pi=3.1416066187  error=+1.397e-05  elapsed=955.23 s
Progress:  58.00%  darts=5800000000  pi=3.1416055283  error=+1.287e-05  elapsed=956.25 s
Progress:  58.20%  darts=5820000000  pi=3.1416070399  error=+1.439e-05  elapsed=957.28 s
Progress:  58.40%  darts=5840000000  pi=3.1416098781  error=+1.722e-05  elapsed=958.31 s
Progress:  58.60%  darts=5860000000  pi=3.1416107249  error=+1.807e-05  elapsed=959.33 s
Progress:  58.80%  darts=5880000000  pi=3.1416106803  error=+1.803e-05  elapsed=960.36 s
Progress:  59.00%  darts=5900000000  pi=3.1416104088  error=+1.776e-05  elapsed=961.38 s
Progress:  59.20%  darts=5920000000  pi=3.1416087088  error=+1.606e-05  elapsed=962.41 s
Progress:  59.40%  darts=5940000000  pi=3.1416084316  error=+1.578e-05  elapsed=963.44 s
Progress:  59.60%  darts=5960000000  pi=3.1416100852  error=+1.743e-05  elapsed=964.46 s
Progress:  59.80%  darts=5980000000  pi=3.1416090783  error=+1.642e-05  elapsed=965.49 s
Progress:  60.00%  darts=6000000000  pi=3.1416105240  error=+1.787e-05  elapsed=966.51 s
Progress:  60.20%  darts=6020000000  pi=3.1416120804  error=+1.943e-05  elapsed=967.54 s
Progress:  60.40%  darts=6040000000  pi=3.1416121563  error=+1.950e-05  elapsed=968.57 s
Progress:  60.60%  darts=6060000000  pi=3.1416121881  error=+1.953e-05  elapsed=969.59 s
Progress:  60.80%  darts=6080000000  pi=3.1416119763  error=+1.932e-05  elapsed=979.01 s
Progress:  61.00%  darts=6100000000  pi=3.1416111882  error=+1.853e-05  elapsed=980.04 s
Progress:  61.20%  darts=6120000000  pi=3.1416118294  error=+1.918e-05  elapsed=981.06 s
Progress:  61.40%  darts=6140000000  pi=3.1416119023  error=+1.925e-05  elapsed=982.09 s
Progress:  61.60%  darts=6160000000  pi=3.1416117097  error=+1.906e-05  elapsed=983.12 s
Progress:  61.80%  darts=6180000000  pi=3.1416113709  error=+1.872e-05  elapsed=984.14 s
Progress:  62.00%  darts=6200000000  pi=3.1416108529  error=+1.820e-05  elapsed=985.17 s
Progress:  62.20%  darts=6220000000  pi=3.1416106360  error=+1.798e-05  elapsed=986.19 s
Progress:  62.40%  darts=6240000000  pi=3.1416085494  error=+1.590e-05  elapsed=987.22 s
Progress:  62.60%  darts=6260000000  pi=3.1416095361  error=+1.688e-05  elapsed=988.25 s
Progress:  62.80%  darts=6280000000  pi=3.1416089197  error=+1.627e-05  elapsed=989.27 s
Progress:  63.00%  darts=6300000000  pi=3.1416099587  error=+1.731e-05  elapsed=990.30 s
Progress:  63.20%  darts=6320000000  pi=3.1416098348  error=+1.718e-05  elapsed=991.33 s
Progress:  63.40%  darts=6340000000  pi=3.1416105697  error=+1.792e-05  elapsed=992.35 s
Progress:  63.60%  darts=6360000000  pi=3.1416097226  error=+1.707e-05  elapsed=993.38 s
Progress:  63.80%  darts=6380000000  pi=3.1416096796  error=+1.703e-05  elapsed=994.40 s
Progress:  64.00%  darts=6400000000  pi=3.1416099869  error=+1.733e-05  elapsed=1004.15 s
