========================================================================
Monte Carlo Pi Estimation with Signal-Aware Checkpointing
========================================================================
Process ID           : 571252
Number of darts      : 10,000,000,000
Random seed          : 42
Report interval      : 1,000,000
Checkpoint interval  : 0
Checkpoint file      : checkpoints/pi_signal.pkl
Resume               : True
Sleep interval       : 0.0 s
========================================================================

========================================================================
Restarting from checkpoint
========================================================================
Completed darts    : 342,615,676
Inside circle      : 269,096,141
Previous runtime   : 91.57 s
========================================================================

darts =  343,000,000 / 10,000,000,000   pi = 3.14166578   error = 7.313e-05   elapsed = 91.67 s
darts =  344,000,000 / 10,000,000,000   pi = 3.14166342   error = 7.077e-05   elapsed = 91.94 s
darts =  345,000,000 / 10,000,000,000   pi = 3.14166503   error = 7.238e-05   elapsed = 92.21 s
darts =  346,000,000 / 10,000,000,000   pi = 3.14166680   error = 7.414e-05   elapsed = 92.48 s
darts =  347,000,000 / 10,000,000,000   pi = 3.14166110   error = 6.844e-05   elapsed = 92.74 s
darts =  348,000,000 / 10,000,000,000   pi = 3.14165090   error = 5.824e-05   elapsed = 93.01 s
darts =  349,000,000 / 10,000,000,000   pi = 3.14165202   error = 5.937e-05   elapsed = 93.28 s
darts =  350,000,000 / 10,000,000,000   pi = 3.14165547   error = 6.282e-05   elapsed = 93.55 s
darts =  351,000,000 / 10,000,000,000   pi = 3.14166011   error = 6.746e-05   elapsed = 93.82 s
darts =  352,000,000 / 10,000,000,000   pi = 3.14164165   error = 4.899e-05   elapsed = 94.09 s
darts =  353,000,000 / 10,000,000,000   pi = 3.14163269   error = 4.004e-05   elapsed = 94.35 s
darts =  354,000,000 / 10,000,000,000   pi = 3.14163799   error = 4.534e-05   elapsed = 94.62 s
darts =  355,000,000 / 10,000,000,000   pi = 3.14163688   error = 4.423e-05   elapsed = 94.89 s
darts =  356,000,000 / 10,000,000,000   pi = 3.14163699   error = 4.434e-05   elapsed = 95.16 s
darts =  357,000,000 / 10,000,000,000   pi = 3.14163342   error = 4.077e-05   elapsed = 95.43 s
darts =  358,000,000 / 10,000,000,000   pi = 3.14163956   error = 4.691e-05   elapsed = 95.69 s
darts =  359,000,000 / 10,000,000,000   pi = 3.14164154   error = 4.888e-05   elapsed = 95.96 s
darts =  360,000,000 / 10,000,000,000   pi = 3.14164701   error = 5.436e-05   elapsed = 96.23 s
darts =  361,000,000 / 10,000,000,000   pi = 3.14164814   error = 5.549e-05   elapsed = 96.50 s
darts =  362,000,000 / 10,000,000,000   pi = 3.14164480   error = 5.214e-05   elapsed = 96.77 s
darts =  363,000,000 / 10,000,000,000   pi = 3.14164842   error = 5.577e-05   elapsed = 97.04 s
darts =  364,000,000 / 10,000,000,000   pi = 3.14163884   error = 4.618e-05   elapsed = 97.30 s
darts =  365,000,000 / 10,000,000,000   pi = 3.14162911   error = 3.645e-05   elapsed = 97.57 s
darts =  366,000,000 / 10,000,000,000   pi = 3.14163008   error = 3.742e-05   elapsed = 97.84 s
darts =  367,000,000 / 10,000,000,000   pi = 3.14162484   error = 3.219e-05   elapsed = 98.11 s
darts =  368,000,000 / 10,000,000,000   pi = 3.14162101   error = 2.836e-05   elapsed = 98.38 s
darts =  369,000,000 / 10,000,000,000   pi = 3.14161744   error = 2.479e-05   elapsed = 98.64 s
darts =  370,000,000 / 10,000,000,000   pi = 3.14162286   error = 3.021e-05   elapsed = 98.91 s
darts =  371,000,000 / 10,000,000,000   pi = 3.14162538   error = 3.273e-05   elapsed = 99.18 s
darts =  372,000,000 / 10,000,000,000   pi = 3.14162298   error = 3.032e-05   elapsed = 99.45 s
darts =  373,000,000 / 10,000,000,000   pi = 3.14162321   error = 3.055e-05   elapsed = 99.72 s
darts =  374,000,000 / 10,000,000,000   pi = 3.14162951   error = 3.685e-05   elapsed = 99.98 s
darts =  375,000,000 / 10,000,000,000   pi = 3.14162069   error = 2.804e-05   elapsed = 100.25 s
darts =  376,000,000 / 10,000,000,000   pi = 3.14162091   error = 2.826e-05   elapsed = 100.52 s
darts =  377,000,000 / 10,000,000,000   pi = 3.14161703   error = 2.438e-05   elapsed = 100.79 s
darts =  378,000,000 / 10,000,000,000   pi = 3.14161986   error = 2.721e-05   elapsed = 101.06 s
darts =  379,000,000 / 10,000,000,000   pi = 3.14161593   error = 2.327e-05   elapsed = 101.33 s
darts =  380,000,000 / 10,000,000,000   pi = 3.14161726   error = 2.461e-05   elapsed = 101.59 s
darts =  381,000,000 / 10,000,000,000   pi = 3.14161289   error = 2.024e-05   elapsed = 101.86 s
darts =  382,000,000 / 10,000,000,000   pi = 3.14161015   error = 1.749e-05   elapsed = 102.13 s
darts =  383,000,000 / 10,000,000,000   pi = 3.14161128   error = 1.863e-05   elapsed = 102.40 s
darts =  384,000,000 / 10,000,000,000   pi = 3.14160461   error = 1.196e-05   elapsed = 102.67 s
darts =  385,000,000 / 10,000,000,000   pi = 3.14159615   error = 3.492e-06   elapsed = 102.94 s
darts =  386,000,000 / 10,000,000,000   pi = 3.14159482   error = 2.165e-06   elapsed = 103.20 s
darts =  387,000,000 / 10,000,000,000   pi = 3.14159422   error = 1.569e-06   elapsed = 103.47 s
darts =  388,000,000 / 10,000,000,000   pi = 3.14159378   error = 1.130e-06   elapsed = 103.74 s
darts =  389,000,000 / 10,000,000,000   pi = 3.14159516   error = 2.503e-06   elapsed = 104.01 s
darts =  390,000,000 / 10,000,000,000   pi = 3.14159551   error = 2.854e-06   elapsed = 104.28 s
darts =  391,000,000 / 10,000,000,000   pi = 3.14159826   error = 5.607e-06   elapsed = 104.55 s
darts =  392,000,000 / 10,000,000,000   pi = 3.14160039   error = 7.734e-06   elapsed = 104.81 s
darts =  393,000,000 / 10,000,000,000   pi = 3.14160162   error = 8.965e-06   elapsed = 105.08 s
darts =  394,000,000 / 10,000,000,000   pi = 3.14160371   error = 1.105e-05   elapsed = 105.35 s
darts =  395,000,000 / 10,000,000,000   pi = 3.14159993   error = 7.276e-06   elapsed = 105.62 s
darts =  396,000,000 / 10,000,000,000   pi = 3.14159831   error = 5.660e-06   elapsed = 105.89 s
darts =  397,000,000 / 10,000,000,000   pi = 3.14160024   error = 7.588e-06   elapsed = 106.15 s
darts =  398,000,000 / 10,000,000,000   pi = 3.14160073   error = 8.080e-06   elapsed = 106.42 s
darts =  399,000,000 / 10,000,000,000   pi = 3.14160092   error = 8.269e-06   elapsed = 106.69 s
darts =  400,000,000 / 10,000,000,000   pi = 3.14159990   error = 7.246e-06   elapsed = 106.96 s
darts =  401,000,000 / 10,000,000,000   pi = 3.14160118   error = 8.523e-06   elapsed = 107.23 s
darts =  402,000,000 / 10,000,000,000   pi = 3.14159957   error = 6.919e-06   elapsed = 107.50 s
darts =  403,000,000 / 10,000,000,000   pi = 3.14159107   error = 1.587e-06   elapsed = 107.76 s
darts =  404,000,000 / 10,000,000,000   pi = 3.14159413   error = 1.475e-06   elapsed = 108.03 s
darts =  405,000,000 / 10,000,000,000   pi = 3.14159211   error = 5.449e-07   elapsed = 108.30 s
darts =  406,000,000 / 10,000,000,000   pi = 3.14158854   error = 4.112e-06   elapsed = 108.57 s
darts =  407,000,000 / 10,000,000,000   pi = 3.14159012   error = 2.531e-06   elapsed = 108.84 s
darts =  408,000,000 / 10,000,000,000   pi = 3.14159094   error = 1.712e-06   elapsed = 109.11 s
darts =  409,000,000 / 10,000,000,000   pi = 3.14158913   error = 3.519e-06   elapsed = 109.37 s
darts =  410,000,000 / 10,000,000,000   pi = 3.14158994   error = 2.712e-06   elapsed = 109.64 s
darts =  411,000,000 / 10,000,000,000   pi = 3.14159489   error = 2.237e-06   elapsed = 109.91 s
darts =  412,000,000 / 10,000,000,000   pi = 3.14159856   error = 5.910e-06   elapsed = 110.18 s
darts =  413,000,000 / 10,000,000,000   pi = 3.14160597   error = 1.331e-05   elapsed = 110.45 s
darts =  414,000,000 / 10,000,000,000   pi = 3.14160593   error = 1.328e-05   elapsed = 110.71 s
darts =  415,000,000 / 10,000,000,000   pi = 3.14160343   error = 1.078e-05   elapsed = 110.98 s
darts =  416,000,000 / 10,000,000,000   pi = 3.14160097   error = 8.318e-06   elapsed = 111.25 s
darts =  417,000,000 / 10,000,000,000   pi = 3.14160603   error = 1.338e-05   elapsed = 111.52 s
darts =  418,000,000 / 10,000,000,000   pi = 3.14160684   error = 1.419e-05   elapsed = 111.79 s
darts =  419,000,000 / 10,000,000,000   pi = 3.14161118   error = 1.853e-05   elapsed = 112.05 s
darts =  420,000,000 / 10,000,000,000   pi = 3.14161425   error = 2.159e-05   elapsed = 112.32 s
darts =  421,000,000 / 10,000,000,000   pi = 3.14161079   error = 1.814e-05   elapsed = 112.59 s
darts =  422,000,000 / 10,000,000,000   pi = 3.14160559   error = 1.294e-05   elapsed = 112.86 s
darts =  423,000,000 / 10,000,000,000   pi = 3.14160530   error = 1.264e-05   elapsed = 113.13 s
darts =  424,000,000 / 10,000,000,000   pi = 3.14160486   error = 1.220e-05   elapsed = 113.40 s
darts =  425,000,000 / 10,000,000,000   pi = 3.14160646   error = 1.380e-05   elapsed = 113.66 s
darts =  426,000,000 / 10,000,000,000   pi = 3.14160790   error = 1.524e-05   elapsed = 113.93 s
darts =  427,000,000 / 10,000,000,000   pi = 3.14160332   error = 1.066e-05   elapsed = 114.20 s
darts =  428,000,000 / 10,000,000,000   pi = 3.14160102   error = 8.365e-06   elapsed = 114.47 s
darts =  429,000,000 / 10,000,000,000   pi = 3.14160128   error = 8.624e-06   elapsed = 114.74 s
darts =  430,000,000 / 10,000,000,000   pi = 3.14160032   error = 7.663e-06   elapsed = 115.01 s
darts =  431,000,000 / 10,000,000,000   pi = 3.14160381   error = 1.116e-05   elapsed = 115.27 s
darts =  432,000,000 / 10,000,000,000   pi = 3.14160478   error = 1.212e-05   elapsed = 115.54 s
darts =  433,000,000 / 10,000,000,000   pi = 3.14160456   error = 1.191e-05   elapsed = 115.81 s
darts =  434,000,000 / 10,000,000,000   pi = 3.14160512   error = 1.247e-05   elapsed = 116.08 s
darts =  435,000,000 / 10,000,000,000   pi = 3.14160641   error = 1.376e-05   elapsed = 116.35 s
darts =  436,000,000 / 10,000,000,000   pi = 3.14160517   error = 1.252e-05   elapsed = 116.61 s
darts =  437,000,000 / 10,000,000,000   pi = 3.14159629   error = 3.639e-06   elapsed = 116.88 s
darts =  438,000,000 / 10,000,000,000   pi = 3.14159885   error = 6.196e-06   elapsed = 117.15 s
darts =  439,000,000 / 10,000,000,000   pi = 3.14160343   error = 1.077e-05   elapsed = 117.42 s
darts =  440,000,000 / 10,000,000,000   pi = 3.14159857   error = 5.919e-06   elapsed = 117.69 s
darts =  441,000,000 / 10,000,000,000   pi = 3.14159911   error = 6.458e-06   elapsed = 117.95 s
darts =  442,000,000 / 10,000,000,000   pi = 3.14160187   error = 9.220e-06   elapsed = 118.22 s
darts =  443,000,000 / 10,000,000,000   pi = 3.14159780   error = 5.143e-06   elapsed = 118.49 s
darts =  444,000,000 / 10,000,000,000   pi = 3.14159210   error = 5.545e-07   elapsed = 118.76 s
darts =  445,000,000 / 10,000,000,000   pi = 3.14158656   error = 6.092e-06   elapsed = 119.03 s
darts =  446,000,000 / 10,000,000,000   pi = 3.14158935   error = 3.308e-06   elapsed = 119.30 s
darts =  447,000,000 / 10,000,000,000   pi = 3.14159149   error = 1.164e-06   elapsed = 119.56 s
darts =  448,000,000 / 10,000,000,000   pi = 3.14158859   error = 4.064e-06   elapsed = 119.83 s
darts =  449,000,000 / 10,000,000,000   pi = 3.14159010   error = 2.551e-06   elapsed = 120.10 s
darts =  450,000,000 / 10,000,000,000   pi = 3.14158684   error = 5.818e-06   elapsed = 120.37 s
darts =  451,000,000 / 10,000,000,000   pi = 3.14158717   error = 5.487e-06   elapsed = 120.64 s
darts =  452,000,000 / 10,000,000,000   pi = 3.14158946   error = 3.193e-06   elapsed = 120.91 s
darts =  453,000,000 / 10,000,000,000   pi = 3.14158750   error = 5.157e-06   elapsed = 121.18 s
darts =  454,000,000 / 10,000,000,000   pi = 3.14158915   error = 3.508e-06   elapsed = 121.45 s
darts =  455,000,000 / 10,000,000,000   pi = 3.14158586   error = 6.790e-06   elapsed = 121.71 s
darts =  456,000,000 / 10,000,000,000   pi = 3.14158755   error = 5.101e-06   elapsed = 121.98 s
darts =  457,000,000 / 10,000,000,000   pi = 3.14158690   error = 5.756e-06   elapsed = 122.25 s
darts =  458,000,000 / 10,000,000,000   pi = 3.14159017   error = 2.479e-06   elapsed = 122.52 s
darts =  459,000,000 / 10,000,000,000   pi = 3.14158563   error = 7.024e-06   elapsed = 122.79 s
darts =  460,000,000 / 10,000,000,000   pi = 3.14157963   error = 1.302e-05   elapsed = 123.05 s
darts =  461,000,000 / 10,000,000,000   pi = 3.14157551   error = 1.714e-05   elapsed = 123.32 s
darts =  462,000,000 / 10,000,000,000   pi = 3.14157147   error = 2.118e-05   elapsed = 123.59 s
darts =  463,000,000 / 10,000,000,000   pi = 3.14157407   error = 1.858e-05   elapsed = 123.86 s
darts =  464,000,000 / 10,000,000,000   pi = 3.14157514   error = 1.752e-05   elapsed = 124.13 s
darts =  465,000,000 / 10,000,000,000   pi = 3.14157262   error = 2.003e-05   elapsed = 124.39 s
darts =  466,000,000 / 10,000,000,000   pi = 3.14157079   error = 2.186e-05   elapsed = 124.66 s
darts =  467,000,000 / 10,000,000,000   pi = 3.14156564   error = 2.701e-05   elapsed = 124.93 s
darts =  468,000,000 / 10,000,000,000   pi = 3.14156315   error = 2.950e-05   elapsed = 125.20 s
darts =  469,000,000 / 10,000,000,000   pi = 3.14156325   error = 2.940e-05   elapsed = 125.47 s
darts =  470,000,000 / 10,000,000,000   pi = 3.14155996   error = 3.270e-05   elapsed = 125.73 s
darts =  471,000,000 / 10,000,000,000   pi = 3.14156361   error = 2.904e-05   elapsed = 126.00 s
darts =  472,000,000 / 10,000,000,000   pi = 3.14155963   error = 3.303e-05   elapsed = 126.27 s
darts =  473,000,000 / 10,000,000,000   pi = 3.14156346   error = 2.919e-05   elapsed = 126.54 s
darts =  474,000,000 / 10,000,000,000   pi = 3.14156515   error = 2.751e-05   elapsed = 126.81 s
darts =  475,000,000 / 10,000,000,000   pi = 3.14156499   error = 2.767e-05   elapsed = 127.08 s
darts =  476,000,000 / 10,000,000,000   pi = 3.14156751   error = 2.514e-05   elapsed = 127.34 s
darts =  477,000,000 / 10,000,000,000   pi = 3.14157187   error = 2.079e-05   elapsed = 127.61 s
darts =  478,000,000 / 10,000,000,000   pi = 3.14157137   error = 2.128e-05   elapsed = 127.88 s
darts =  479,000,000 / 10,000,000,000   pi = 3.14157299   error = 1.966e-05   elapsed = 128.15 s
darts =  480,000,000 / 10,000,000,000   pi = 3.14157559   error = 1.706e-05   elapsed = 128.42 s
darts =  481,000,000 / 10,000,000,000   pi = 3.14157205   error = 2.060e-05   elapsed = 128.68 s
darts =  482,000,000 / 10,000,000,000   pi = 3.14156951   error = 2.314e-05   elapsed = 128.95 s
darts =  483,000,000 / 10,000,000,000   pi = 3.14156831   error = 2.435e-05   elapsed = 129.22 s
darts =  484,000,000 / 10,000,000,000   pi = 3.14156837   error = 2.428e-05   elapsed = 129.49 s
darts =  485,000,000 / 10,000,000,000   pi = 3.14156977   error = 2.288e-05   elapsed = 129.76 s
darts =  486,000,000 / 10,000,000,000   pi = 3.14156895   error = 2.371e-05   elapsed = 130.02 s
darts =  487,000,000 / 10,000,000,000   pi = 3.14156727   error = 2.538e-05   elapsed = 130.29 s
darts =  488,000,000 / 10,000,000,000   pi = 3.14156597   error = 2.669e-05   elapsed = 130.56 s
darts =  489,000,000 / 10,000,000,000   pi = 3.14156611   error = 2.654e-05   elapsed = 130.83 s
darts =  490,000,000 / 10,000,000,000   pi = 3.14156961   error = 2.305e-05   elapsed = 131.10 s
darts =  491,000,000 / 10,000,000,000   pi = 3.14157106   error = 2.159e-05   elapsed = 131.37 s
darts =  492,000,000 / 10,000,000,000   pi = 3.14157597   error = 1.669e-05   elapsed = 131.63 s
darts =  493,000,000 / 10,000,000,000   pi = 3.14157539   error = 1.726e-05   elapsed = 131.90 s
darts =  494,000,000 / 10,000,000,000   pi = 3.14157321   error = 1.944e-05   elapsed = 132.17 s
darts =  495,000,000 / 10,000,000,000   pi = 3.14158107   error = 1.159e-05   elapsed = 132.44 s
darts =  496,000,000 / 10,000,000,000   pi = 3.14157556   error = 1.710e-05   elapsed = 132.71 s
darts =  497,000,000 / 10,000,000,000   pi = 3.14157438   error = 1.827e-05   elapsed = 132.97 s
darts =  498,000,000 / 10,000,000,000   pi = 3.14157875   error = 1.391e-05   elapsed = 133.24 s
darts =  499,000,000 / 10,000,000,000   pi = 3.14157551   error = 1.714e-05   elapsed = 133.51 s
darts =  500,000,000 / 10,000,000,000   pi = 3.14157266   error = 1.999e-05   elapsed = 133.78 s
darts =  501,000,000 / 10,000,000,000   pi = 3.14157230   error = 2.035e-05   elapsed = 134.05 s
darts =  502,000,000 / 10,000,000,000   pi = 3.14157568   error = 1.697e-05   elapsed = 134.32 s
darts =  503,000,000 / 10,000,000,000   pi = 3.14157498   error = 1.767e-05   elapsed = 134.58 s
darts =  504,000,000 / 10,000,000,000   pi = 3.14156890   error = 2.375e-05   elapsed = 134.85 s
darts =  505,000,000 / 10,000,000,000   pi = 3.14157145   error = 2.121e-05   elapsed = 135.12 s
darts =  506,000,000 / 10,000,000,000   pi = 3.14157177   error = 2.088e-05   elapsed = 135.39 s
darts =  507,000,000 / 10,000,000,000   pi = 3.14157101   error = 2.165e-05   elapsed = 135.66 s
darts =  508,000,000 / 10,000,000,000   pi = 3.14157294   error = 1.972e-05   elapsed = 135.93 s
darts =  509,000,000 / 10,000,000,000   pi = 3.14157272   error = 1.993e-05   elapsed = 136.19 s
darts =  510,000,000 / 10,000,000,000   pi = 3.14157229   error = 2.036e-05   elapsed = 136.46 s
darts =  511,000,000 / 10,000,000,000   pi = 3.14157198   error = 2.067e-05   elapsed = 136.73 s
darts =  512,000,000 / 10,000,000,000   pi = 3.14157287   error = 1.979e-05   elapsed = 137.00 s
darts =  513,000,000 / 10,000,000,000   pi = 3.14157145   error = 2.121e-05   elapsed = 137.27 s
darts =  514,000,000 / 10,000,000,000   pi = 3.14156710   error = 2.556e-05   elapsed = 137.54 s
darts =  515,000,000 / 10,000,000,000   pi = 3.14156444   error = 2.821e-05   elapsed = 137.80 s
darts =  516,000,000 / 10,000,000,000   pi = 3.14156315   error = 2.951e-05   elapsed = 138.07 s
darts =  517,000,000 / 10,000,000,000   pi = 3.14156443   error = 2.823e-05   elapsed = 138.34 s
darts =  518,000,000 / 10,000,000,000   pi = 3.14156530   error = 2.736e-05   elapsed = 138.61 s
darts =  519,000,000 / 10,000,000,000   pi = 3.14156728   error = 2.537e-05   elapsed = 138.88 s
darts =  520,000,000 / 10,000,000,000   pi = 3.14156737   error = 2.528e-05   elapsed = 139.15 s
darts =  521,000,000 / 10,000,000,000   pi = 3.14156226   error = 3.039e-05   elapsed = 139.41 s
darts =  522,000,000 / 10,000,000,000   pi = 3.14155461   error = 3.805e-05   elapsed = 139.68 s
darts =  523,000,000 / 10,000,000,000   pi = 3.14155439   error = 3.827e-05   elapsed = 139.95 s
darts =  524,000,000 / 10,000,000,000   pi = 3.14155351   error = 3.914e-05   elapsed = 140.22 s
darts =  525,000,000 / 10,000,000,000   pi = 3.14155058   error = 4.208e-05   elapsed = 140.49 s
darts =  526,000,000 / 10,000,000,000   pi = 3.14154938   error = 4.328e-05   elapsed = 140.76 s
darts =  527,000,000 / 10,000,000,000   pi = 3.14154752   error = 4.513e-05   elapsed = 141.02 s
darts =  528,000,000 / 10,000,000,000   pi = 3.14155017   error = 4.249e-05   elapsed = 141.29 s
darts =  529,000,000 / 10,000,000,000   pi = 3.14155058   error = 4.208e-05   elapsed = 141.56 s
darts =  530,000,000 / 10,000,000,000   pi = 3.14154846   error = 4.419e-05   elapsed = 141.83 s
darts =  531,000,000 / 10,000,000,000   pi = 3.14154826   error = 4.439e-05   elapsed = 142.10 s
darts =  532,000,000 / 10,000,000,000   pi = 3.14155177   error = 4.089e-05   elapsed = 142.37 s
darts =  533,000,000 / 10,000,000,000   pi = 3.14155313   error = 3.953e-05   elapsed = 142.63 s
darts =  534,000,000 / 10,000,000,000   pi = 3.14155644   error = 3.621e-05   elapsed = 142.90 s
darts =  535,000,000 / 10,000,000,000   pi = 3.14155865   error = 3.401e-05   elapsed = 143.17 s
darts =  536,000,000 / 10,000,000,000   pi = 3.14155829   error = 3.436e-05   elapsed = 143.44 s
darts =  537,000,000 / 10,000,000,000   pi = 3.14156185   error = 3.081e-05   elapsed = 143.71 s
darts =  538,000,000 / 10,000,000,000   pi = 3.14156241   error = 3.024e-05   elapsed = 143.98 s
darts =  539,000,000 / 10,000,000,000   pi = 3.14156795   error = 2.471e-05   elapsed = 144.25 s
darts =  540,000,000 / 10,000,000,000   pi = 3.14156543   error = 2.722e-05   elapsed = 144.51 s
darts =  541,000,000 / 10,000,000,000   pi = 3.14156218   error = 3.047e-05   elapsed = 144.78 s
darts =  542,000,000 / 10,000,000,000   pi = 3.14156292   error = 2.973e-05   elapsed = 145.05 s
darts =  543,000,000 / 10,000,000,000   pi = 3.14155997   error = 3.268e-05   elapsed = 145.32 s
darts =  544,000,000 / 10,000,000,000   pi = 3.14155630   error = 3.635e-05   elapsed = 145.59 s
darts =  545,000,000 / 10,000,000,000   pi = 3.14156163   error = 3.102e-05   elapsed = 145.86 s
darts =  546,000,000 / 10,000,000,000   pi = 3.14155783   error = 3.482e-05   elapsed = 146.13 s
darts =  547,000,000 / 10,000,000,000   pi = 3.14155636   error = 3.630e-05   elapsed = 146.39 s
darts =  548,000,000 / 10,000,000,000   pi = 3.14155428   error = 3.837e-05   elapsed = 146.66 s
darts =  549,000,000 / 10,000,000,000   pi = 3.14156042   error = 3.224e-05   elapsed = 146.93 s
darts =  550,000,000 / 10,000,000,000   pi = 3.14156123   error = 3.142e-05   elapsed = 147.20 s
darts =  551,000,000 / 10,000,000,000   pi = 3.14156512   error = 2.754e-05   elapsed = 147.47 s
darts =  552,000,000 / 10,000,000,000   pi = 3.14156090   error = 3.176e-05   elapsed = 147.74 s
darts =  553,000,000 / 10,000,000,000   pi = 3.14156006   error = 3.260e-05   elapsed = 148.01 s
darts =  554,000,000 / 10,000,000,000   pi = 3.14155709   error = 3.556e-05   elapsed = 148.27 s
darts =  555,000,000 / 10,000,000,000   pi = 3.14156114   error = 3.151e-05   elapsed = 148.54 s
darts =  556,000,000 / 10,000,000,000   pi = 3.14155715   error = 3.550e-05   elapsed = 148.81 s
darts =  557,000,000 / 10,000,000,000   pi = 3.14155809   error = 3.456e-05   elapsed = 149.08 s
darts =  558,000,000 / 10,000,000,000   pi = 3.14156016   error = 3.250e-05   elapsed = 149.35 s
darts =  559,000,000 / 10,000,000,000   pi = 3.14156075   error = 3.190e-05   elapsed = 149.62 s
darts =  560,000,000 / 10,000,000,000   pi = 3.14155838   error = 3.428e-05   elapsed = 149.89 s
darts =  561,000,000 / 10,000,000,000   pi = 3.14155977   error = 3.288e-05   elapsed = 150.16 s
darts =  562,000,000 / 10,000,000,000   pi = 3.14155962   error = 3.303e-05   elapsed = 150.42 s
darts =  563,000,000 / 10,000,000,000   pi = 3.14155935   error = 3.331e-05   elapsed = 150.69 s
darts =  564,000,000 / 10,000,000,000   pi = 3.14156052   error = 3.214e-05   elapsed = 150.96 s
darts =  565,000,000 / 10,000,000,000   pi = 3.14156132   error = 3.134e-05   elapsed = 151.23 s
darts =  566,000,000 / 10,000,000,000   pi = 3.14155878   error = 3.387e-05   elapsed = 151.50 s
darts =  567,000,000 / 10,000,000,000   pi = 3.14155740   error = 3.525e-05   elapsed = 151.77 s
darts =  568,000,000 / 10,000,000,000   pi = 3.14155545   error = 3.720e-05   elapsed = 152.04 s
darts =  569,000,000 / 10,000,000,000   pi = 3.14156133   error = 3.132e-05   elapsed = 152.30 s
darts =  570,000,000 / 10,000,000,000   pi = 3.14156280   error = 2.985e-05   elapsed = 152.57 s
darts =  571,000,000 / 10,000,000,000   pi = 3.14155828   error = 3.437e-05   elapsed = 152.84 s
darts =  572,000,000 / 10,000,000,000   pi = 3.14155550   error = 3.716e-05   elapsed = 153.11 s
darts =  573,000,000 / 10,000,000,000   pi = 3.14155391   error = 3.875e-05   elapsed = 153.38 s
darts =  574,000,000 / 10,000,000,000   pi = 3.14155420   error = 3.845e-05   elapsed = 153.65 s
darts =  575,000,000 / 10,000,000,000   pi = 3.14155868   error = 3.398e-05   elapsed = 153.91 s
darts =  576,000,000 / 10,000,000,000   pi = 3.14155990   error = 3.275e-05   elapsed = 154.18 s
darts =  577,000,000 / 10,000,000,000   pi = 3.14155832   error = 3.433e-05   elapsed = 154.45 s
darts =  578,000,000 / 10,000,000,000   pi = 3.14155786   error = 3.479e-05   elapsed = 154.72 s
darts =  579,000,000 / 10,000,000,000   pi = 3.14155680   error = 3.585e-05   elapsed = 154.99 s
darts =  580,000,000 / 10,000,000,000   pi = 3.14155407   error = 3.858e-05   elapsed = 155.26 s
darts =  581,000,000 / 10,000,000,000   pi = 3.14155165   error = 4.100e-05   elapsed = 155.52 s
darts =  582,000,000 / 10,000,000,000   pi = 3.14154964   error = 4.301e-05   elapsed = 155.79 s
darts =  583,000,000 / 10,000,000,000   pi = 3.14155372   error = 3.894e-05   elapsed = 156.06 s
darts =  584,000,000 / 10,000,000,000   pi = 3.14154993   error = 4.272e-05   elapsed = 156.33 s
darts =  585,000,000 / 10,000,000,000   pi = 3.14154815   error = 4.450e-05   elapsed = 156.60 s
darts =  586,000,000 / 10,000,000,000   pi = 3.14154833   error = 4.433e-05   elapsed = 156.87 s
darts =  587,000,000 / 10,000,000,000   pi = 3.14154873   error = 4.392e-05   elapsed = 157.13 s
darts =  588,000,000 / 10,000,000,000   pi = 3.14154503   error = 4.763e-05   elapsed = 157.40 s
darts =  589,000,000 / 10,000,000,000   pi = 3.14154352   error = 4.913e-05   elapsed = 157.67 s
darts =  590,000,000 / 10,000,000,000   pi = 3.14154617   error = 4.648e-05   elapsed = 157.94 s
darts =  591,000,000 / 10,000,000,000   pi = 3.14154889   error = 4.377e-05   elapsed = 158.21 s
darts =  592,000,000 / 10,000,000,000   pi = 3.14154847   error = 4.418e-05   elapsed = 158.47 s
darts =  593,000,000 / 10,000,000,000   pi = 3.14154333   error = 4.933e-05   elapsed = 158.74 s
darts =  594,000,000 / 10,000,000,000   pi = 3.14154133   error = 5.132e-05   elapsed = 159.01 s
darts =  595,000,000 / 10,000,000,000   pi = 3.14153750   error = 5.515e-05   elapsed = 159.28 s
darts =  596,000,000 / 10,000,000,000   pi = 3.14154265   error = 5.000e-05   elapsed = 159.55 s
darts =  597,000,000 / 10,000,000,000   pi = 3.14154518   error = 4.747e-05   elapsed = 159.82 s
darts =  598,000,000 / 10,000,000,000   pi = 3.14154566   error = 4.699e-05   elapsed = 160.08 s
darts =  599,000,000 / 10,000,000,000   pi = 3.14154479   error = 4.786e-05   elapsed = 160.35 s
darts =  600,000,000 / 10,000,000,000   pi = 3.14154572   error = 4.693e-05   elapsed = 160.62 s
darts =  601,000,000 / 10,000,000,000   pi = 3.14154675   error = 4.590e-05   elapsed = 160.89 s
darts =  602,000,000 / 10,000,000,000   pi = 3.14154447   error = 4.818e-05   elapsed = 161.16 s
darts =  603,000,000 / 10,000,000,000   pi = 3.14154507   error = 4.758e-05   elapsed = 161.42 s
darts =  604,000,000 / 10,000,000,000   pi = 3.14153996   error = 5.269e-05   elapsed = 161.69 s
darts =  605,000,000 / 10,000,000,000   pi = 3.14153774   error = 5.491e-05   elapsed = 161.96 s
darts =  606,000,000 / 10,000,000,000   pi = 3.14153343   error = 5.923e-05   elapsed = 162.23 s
darts =  607,000,000 / 10,000,000,000   pi = 3.14153458   error = 5.807e-05   elapsed = 162.50 s
darts =  608,000,000 / 10,000,000,000   pi = 3.14153782   error = 5.484e-05   elapsed = 162.76 s
darts =  609,000,000 / 10,000,000,000   pi = 3.14153503   error = 5.762e-05   elapsed = 163.03 s
darts =  610,000,000 / 10,000,000,000   pi = 3.14153035   error = 6.230e-05   elapsed = 163.30 s
darts =  611,000,000 / 10,000,000,000   pi = 3.14153292   error = 5.973e-05   elapsed = 163.57 s
darts =  612,000,000 / 10,000,000,000   pi = 3.14153163   error = 6.102e-05   elapsed = 163.84 s
darts =  613,000,000 / 10,000,000,000   pi = 3.14153478   error = 5.787e-05   elapsed = 164.11 s
darts =  614,000,000 / 10,000,000,000   pi = 3.14153554   error = 5.711e-05   elapsed = 164.37 s
darts =  615,000,000 / 10,000,000,000   pi = 3.14153323   error = 5.942e-05   elapsed = 164.64 s
darts =  616,000,000 / 10,000,000,000   pi = 3.14152849   error = 6.417e-05   elapsed = 164.91 s
darts =  617,000,000 / 10,000,000,000   pi = 3.14152905   error = 6.360e-05   elapsed = 165.18 s
darts =  618,000,000 / 10,000,000,000   pi = 3.14152901   error = 6.364e-05   elapsed = 165.45 s
darts =  619,000,000 / 10,000,000,000   pi = 3.14152668   error = 6.598e-05   elapsed = 165.72 s
darts =  620,000,000 / 10,000,000,000   pi = 3.14152799   error = 6.467e-05   elapsed = 165.98 s
darts =  621,000,000 / 10,000,000,000   pi = 3.14152821   error = 6.444e-05   elapsed = 166.25 s
darts =  622,000,000 / 10,000,000,000   pi = 3.14152655   error = 6.610e-05   elapsed = 166.52 s
darts =  623,000,000 / 10,000,000,000   pi = 3.14152839   error = 6.427e-05   elapsed = 166.79 s
darts =  624,000,000 / 10,000,000,000   pi = 3.14152447   error = 6.819e-05   elapsed = 167.06 s
darts =  625,000,000 / 10,000,000,000   pi = 3.14152456   error = 6.810e-05   elapsed = 167.33 s
darts =  626,000,000 / 10,000,000,000   pi = 3.14152443   error = 6.822e-05   elapsed = 167.59 s
darts =  627,000,000 / 10,000,000,000   pi = 3.14152071   error = 7.194e-05   elapsed = 167.86 s
darts =  628,000,000 / 10,000,000,000   pi = 3.14151876   error = 7.389e-05   elapsed = 168.13 s
darts =  629,000,000 / 10,000,000,000   pi = 3.14152083   error = 7.182e-05   elapsed = 168.40 s
darts =  630,000,000 / 10,000,000,000   pi = 3.14152015   error = 7.250e-05   elapsed = 168.67 s
darts =  631,000,000 / 10,000,000,000   pi = 3.14151789   error = 7.476e-05   elapsed = 168.94 s
darts =  632,000,000 / 10,000,000,000   pi = 3.14151948   error = 7.317e-05   elapsed = 169.20 s
darts =  633,000,000 / 10,000,000,000   pi = 3.14151579   error = 7.686e-05   elapsed = 169.47 s
darts =  634,000,000 / 10,000,000,000   pi = 3.14151517   error = 7.749e-05   elapsed = 169.74 s
darts =  635,000,000 / 10,000,000,000   pi = 3.14151708   error = 7.557e-05   elapsed = 170.01 s
darts =  636,000,000 / 10,000,000,000   pi = 3.14151542   error = 7.723e-05   elapsed = 170.28 s
darts =  637,000,000 / 10,000,000,000   pi = 3.14151550   error = 7.715e-05   elapsed = 170.54 s
darts =  638,000,000 / 10,000,000,000   pi = 3.14151836   error = 7.430e-05   elapsed = 170.81 s
darts =  639,000,000 / 10,000,000,000   pi = 3.14151866   error = 7.399e-05   elapsed = 171.08 s
darts =  640,000,000 / 10,000,000,000   pi = 3.14151629   error = 7.636e-05   elapsed = 171.35 s
darts =  641,000,000 / 10,000,000,000   pi = 3.14151563   error = 7.702e-05   elapsed = 171.62 s
darts =  642,000,000 / 10,000,000,000   pi = 3.14151444   error = 7.821e-05   elapsed = 171.89 s
darts =  643,000,000 / 10,000,000,000   pi = 3.14151687   error = 7.578e-05   elapsed = 172.15 s
darts =  644,000,000 / 10,000,000,000   pi = 3.14151772   error = 7.493e-05   elapsed = 172.42 s
darts =  645,000,000 / 10,000,000,000   pi = 3.14151868   error = 7.397e-05   elapsed = 172.69 s
darts =  646,000,000 / 10,000,000,000   pi = 3.14151871   error = 7.395e-05   elapsed = 172.96 s
darts =  647,000,000 / 10,000,000,000   pi = 3.14152039   error = 7.226e-05   elapsed = 173.23 s
darts =  648,000,000 / 10,000,000,000   pi = 3.14152172   error = 7.094e-05   elapsed = 173.49 s
darts =  649,000,000 / 10,000,000,000   pi = 3.14151781   error = 7.484e-05   elapsed = 173.76 s
darts =  650,000,000 / 10,000,000,000   pi = 3.14152255   error = 7.010e-05   elapsed = 174.03 s
darts =  651,000,000 / 10,000,000,000   pi = 3.14152037   error = 7.228e-05   elapsed = 174.30 s
darts =  652,000,000 / 10,000,000,000   pi = 3.14151989   error = 7.276e-05   elapsed = 174.57 s
darts =  653,000,000 / 10,000,000,000   pi = 3.14151620   error = 7.645e-05   elapsed = 174.83 s
darts =  654,000,000 / 10,000,000,000   pi = 3.14151442   error = 7.824e-05   elapsed = 175.10 s
darts =  655,000,000 / 10,000,000,000   pi = 3.14150995   error = 8.270e-05   elapsed = 175.37 s
darts =  656,000,000 / 10,000,000,000   pi = 3.14151181   error = 8.084e-05   elapsed = 175.64 s
darts =  657,000,000 / 10,000,000,000   pi = 3.14151045   error = 8.221e-05   elapsed = 175.91 s
darts =  658,000,000 / 10,000,000,000   pi = 3.14151274   error = 7.992e-05   elapsed = 176.18 s
darts =  659,000,000 / 10,000,000,000   pi = 3.14151082   error = 8.183e-05   elapsed = 176.44 s
darts =  660,000,000 / 10,000,000,000   pi = 3.14151461   error = 7.804e-05   elapsed = 176.71 s
darts =  661,000,000 / 10,000,000,000   pi = 3.14150945   error = 8.320e-05   elapsed = 176.98 s
darts =  662,000,000 / 10,000,000,000   pi = 3.14150982   error = 8.283e-05   elapsed = 177.25 s
darts =  663,000,000 / 10,000,000,000   pi = 3.14151057   error = 8.208e-05   elapsed = 177.52 s
darts =  664,000,000 / 10,000,000,000   pi = 3.14151243   error = 8.022e-05   elapsed = 177.79 s
darts =  665,000,000 / 10,000,000,000   pi = 3.14150940   error = 8.325e-05   elapsed = 178.05 s
darts =  666,000,000 / 10,000,000,000   pi = 3.14150825   error = 8.440e-05   elapsed = 178.32 s
darts =  667,000,000 / 10,000,000,000   pi = 3.14150448   error = 8.817e-05   elapsed = 178.59 s
darts =  668,000,000 / 10,000,000,000   pi = 3.14150063   error = 9.202e-05   elapsed = 178.86 s
darts =  669,000,000 / 10,000,000,000   pi = 3.14149617   error = 9.648e-05   elapsed = 179.13 s
darts =  670,000,000 / 10,000,000,000   pi = 3.14149361   error = 9.904e-05   elapsed = 179.40 s
darts =  671,000,000 / 10,000,000,000   pi = 3.14149500   error = 9.766e-05   elapsed = 179.66 s
darts =  672,000,000 / 10,000,000,000   pi = 3.14149135   error = 1.013e-04   elapsed = 179.93 s
darts =  673,000,000 / 10,000,000,000   pi = 3.14148644   error = 1.062e-04   elapsed = 180.20 s
darts =  674,000,000 / 10,000,000,000   pi = 3.14148610   error = 1.066e-04   elapsed = 180.47 s
darts =  675,000,000 / 10,000,000,000   pi = 3.14148435   error = 1.083e-04   elapsed = 180.74 s
darts =  676,000,000 / 10,000,000,000   pi = 3.14148293   error = 1.097e-04   elapsed = 181.01 s
darts =  677,000,000 / 10,000,000,000   pi = 3.14148230   error = 1.103e-04   elapsed = 181.27 s
darts =  678,000,000 / 10,000,000,000   pi = 3.14148369   error = 1.090e-04   elapsed = 181.54 s
darts =  679,000,000 / 10,000,000,000   pi = 3.14148280   error = 1.098e-04   elapsed = 181.81 s
darts =  680,000,000 / 10,000,000,000   pi = 3.14148374   error = 1.089e-04   elapsed = 182.08 s
darts =  681,000,000 / 10,000,000,000   pi = 3.14148491   error = 1.077e-04   elapsed = 182.35 s
darts =  682,000,000 / 10,000,000,000   pi = 3.14148915   error = 1.035e-04   elapsed = 182.62 s
darts =  683,000,000 / 10,000,000,000   pi = 3.14148690   error = 1.058e-04   elapsed = 182.88 s
darts =  684,000,000 / 10,000,000,000   pi = 3.14148230   error = 1.104e-04   elapsed = 183.15 s
darts =  685,000,000 / 10,000,000,000   pi = 3.14148511   error = 1.075e-04   elapsed = 183.42 s
darts =  686,000,000 / 10,000,000,000   pi = 3.14148574   error = 1.069e-04   elapsed = 183.69 s
darts =  687,000,000 / 10,000,000,000   pi = 3.14148254   error = 1.101e-04   elapsed = 183.96 s
darts =  688,000,000 / 10,000,000,000   pi = 3.14148509   error = 1.076e-04   elapsed = 184.22 s
darts =  689,000,000 / 10,000,000,000   pi = 3.14148764   error = 1.050e-04   elapsed = 184.49 s
darts =  690,000,000 / 10,000,000,000   pi = 3.14148751   error = 1.051e-04   elapsed = 184.76 s
darts =  691,000,000 / 10,000,000,000   pi = 3.14148916   error = 1.035e-04   elapsed = 185.03 s
darts =  692,000,000 / 10,000,000,000   pi = 3.14149114   error = 1.015e-04   elapsed = 185.30 s
darts =  693,000,000 / 10,000,000,000   pi = 3.14149260   error = 1.001e-04   elapsed = 185.56 s
darts =  694,000,000 / 10,000,000,000   pi = 3.14149641   error = 9.624e-05   elapsed = 185.83 s
darts =  695,000,000 / 10,000,000,000   pi = 3.14149837   error = 9.428e-05   elapsed = 186.10 s
darts =  696,000,000 / 10,000,000,000   pi = 3.14149960   error = 9.305e-05   elapsed = 186.37 s
darts =  697,000,000 / 10,000,000,000   pi = 3.14149764   error = 9.502e-05   elapsed = 186.64 s
darts =  698,000,000 / 10,000,000,000   pi = 3.14149621   error = 9.644e-05   elapsed = 186.91 s
darts =  699,000,000 / 10,000,000,000   pi = 3.14149475   error = 9.791e-05   elapsed = 187.17 s
darts =  700,000,000 / 10,000,000,000   pi = 3.14149762   error = 9.503e-05   elapsed = 187.44 s
darts =  701,000,000 / 10,000,000,000   pi = 3.14150008   error = 9.257e-05   elapsed = 187.71 s
darts =  702,000,000 / 10,000,000,000   pi = 3.14149651   error = 9.614e-05   elapsed = 187.98 s
darts =  703,000,000 / 10,000,000,000   pi = 3.14149462   error = 9.804e-05   elapsed = 188.25 s
darts =  704,000,000 / 10,000,000,000   pi = 3.14149614   error = 9.651e-05   elapsed = 188.51 s
darts =  705,000,000 / 10,000,000,000   pi = 3.14149339   error = 9.926e-05   elapsed = 188.78 s
darts =  706,000,000 / 10,000,000,000   pi = 3.14149389   error = 9.876e-05   elapsed = 189.05 s
darts =  707,000,000 / 10,000,000,000   pi = 3.14149880   error = 9.385e-05   elapsed = 189.32 s
darts =  708,000,000 / 10,000,000,000   pi = 3.14149561   error = 9.704e-05   elapsed = 189.59 s
darts =  709,000,000 / 10,000,000,000   pi = 3.14149491   error = 9.775e-05   elapsed = 189.86 s
darts =  710,000,000 / 10,000,000,000   pi = 3.14149135   error = 1.013e-04   elapsed = 190.12 s
darts =  711,000,000 / 10,000,000,000   pi = 3.14149044   error = 1.022e-04   elapsed = 190.39 s
darts =  712,000,000 / 10,000,000,000   pi = 3.14148880   error = 1.039e-04   elapsed = 190.66 s
darts =  713,000,000 / 10,000,000,000   pi = 3.14149009   error = 1.026e-04   elapsed = 190.93 s
darts =  714,000,000 / 10,000,000,000   pi = 3.14148830   error = 1.044e-04   elapsed = 191.20 s
darts =  715,000,000 / 10,000,000,000   pi = 3.14149041   error = 1.022e-04   elapsed = 191.47 s
darts =  716,000,000 / 10,000,000,000   pi = 3.14149259   error = 1.001e-04   elapsed = 191.73 s
darts =  717,000,000 / 10,000,000,000   pi = 3.14149026   error = 1.024e-04   elapsed = 192.00 s
darts =  718,000,000 / 10,000,000,000   pi = 3.14149039   error = 1.023e-04   elapsed = 192.27 s
darts =  719,000,000 / 10,000,000,000   pi = 3.14149006   error = 1.026e-04   elapsed = 192.54 s
darts =  720,000,000 / 10,000,000,000   pi = 3.14149011   error = 1.025e-04   elapsed = 192.81 s
darts =  721,000,000 / 10,000,000,000   pi = 3.14148906   error = 1.036e-04   elapsed = 193.07 s
darts =  722,000,000 / 10,000,000,000   pi = 3.14149254   error = 1.001e-04   elapsed = 193.34 s
darts =  723,000,000 / 10,000,000,000   pi = 3.14149509   error = 9.757e-05   elapsed = 193.61 s
darts =  724,000,000 / 10,000,000,000   pi = 3.14149860   error = 9.406e-05   elapsed = 193.88 s
darts =  725,000,000 / 10,000,000,000   pi = 3.14149433   error = 9.833e-05   elapsed = 194.15 s
darts =  726,000,000 / 10,000,000,000   pi = 3.14149579   error = 9.686e-05   elapsed = 194.41 s
darts =  727,000,000 / 10,000,000,000   pi = 3.14149588   error = 9.677e-05   elapsed = 194.68 s
darts =  728,000,000 / 10,000,000,000   pi = 3.14149543   error = 9.723e-05   elapsed = 194.95 s
darts =  729,000,000 / 10,000,000,000   pi = 3.14149595   error = 9.671e-05   elapsed = 195.22 s
darts =  730,000,000 / 10,000,000,000   pi = 3.14149408   error = 9.858e-05   elapsed = 195.49 s
darts =  731,000,000 / 10,000,000,000   pi = 3.14149414   error = 9.851e-05   elapsed = 195.75 s
darts =  732,000,000 / 10,000,000,000   pi = 3.14149501   error = 9.765e-05   elapsed = 196.02 s
darts =  733,000,000 / 10,000,000,000   pi = 3.14149927   error = 9.338e-05   elapsed = 196.29 s
darts =  734,000,000 / 10,000,000,000   pi = 3.14150249   error = 9.016e-05   elapsed = 196.56 s
darts =  735,000,000 / 10,000,000,000   pi = 3.14149761   error = 9.505e-05   elapsed = 196.83 s
darts =  736,000,000 / 10,000,000,000   pi = 3.14149861   error = 9.404e-05   elapsed = 197.10 s
darts =  737,000,000 / 10,000,000,000   pi = 3.14149927   error = 9.339e-05   elapsed = 197.36 s
darts =  738,000,000 / 10,000,000,000   pi = 3.14149937   error = 9.329e-05   elapsed = 197.63 s
darts =  739,000,000 / 10,000,000,000   pi = 3.14149838   error = 9.428e-05   elapsed = 197.90 s
darts =  740,000,000 / 10,000,000,000   pi = 3.14150524   error = 8.741e-05   elapsed = 198.17 s
darts =  741,000,000 / 10,000,000,000   pi = 3.14151074   error = 8.191e-05   elapsed = 198.44 s
darts =  742,000,000 / 10,000,000,000   pi = 3.14151234   error = 8.031e-05   elapsed = 198.71 s
darts =  743,000,000 / 10,000,000,000   pi = 3.14151506   error = 7.759e-05   elapsed = 198.97 s
darts =  744,000,000 / 10,000,000,000   pi = 3.14151695   error = 7.570e-05   elapsed = 199.24 s
darts =  745,000,000 / 10,000,000,000   pi = 3.14151703   error = 7.562e-05   elapsed = 199.51 s
darts =  746,000,000 / 10,000,000,000   pi = 3.14151527   error = 7.738e-05   elapsed = 199.78 s
darts =  747,000,000 / 10,000,000,000   pi = 3.14151638   error = 7.627e-05   elapsed = 200.05 s
darts =  748,000,000 / 10,000,000,000   pi = 3.14151799   error = 7.466e-05   elapsed = 200.32 s
darts =  749,000,000 / 10,000,000,000   pi = 3.14151829   error = 7.436e-05   elapsed = 200.58 s
darts =  750,000,000 / 10,000,000,000   pi = 3.14151910   error = 7.355e-05   elapsed = 200.85 s
darts =  751,000,000 / 10,000,000,000   pi = 3.14151606   error = 7.659e-05   elapsed = 201.12 s

========================================================================
Termination signal received
========================================================================
Signal             : SIGUSR1
Completed darts    : 751,484,956
Saving checkpoint ...
Checkpoint saved   : checkpoints/pi_signal.pkl
Exiting cleanly.
========================================================================
