========================================================================
Monte Carlo Pi Estimation with Signal-Aware Checkpointing
========================================================================
Process ID           : 570781
Number of darts      : 10,000,000,000
Random seed          : 42
Report interval      : 1,000,000
Checkpoint interval  : 0
Checkpoint file      : checkpoints/pi_signal.pkl
Resume               : False
Sleep interval       : 0.0 s
========================================================================
darts =    1,000,000 / 10,000,000,000   pi = 3.14024400   error = 1.349e-03   elapsed = 0.27 s
darts =    2,000,000 / 10,000,000,000   pi = 3.14123400   error = 3.587e-04   elapsed = 0.54 s
darts =    3,000,000 / 10,000,000,000   pi = 3.14173733   error = 1.447e-04   elapsed = 0.80 s
darts =    4,000,000 / 10,000,000,000   pi = 3.14225500   error = 6.623e-04   elapsed = 1.07 s
darts =    5,000,000 / 10,000,000,000   pi = 3.14223440   error = 6.417e-04   elapsed = 1.34 s
darts =    6,000,000 / 10,000,000,000   pi = 3.14191867   error = 3.260e-04   elapsed = 1.60 s
darts =    7,000,000 / 10,000,000,000   pi = 3.14220171   error = 6.091e-04   elapsed = 1.87 s
darts =    8,000,000 / 10,000,000,000   pi = 3.14195350   error = 3.608e-04   elapsed = 2.14 s
darts =    9,000,000 / 10,000,000,000   pi = 3.14197689   error = 3.842e-04   elapsed = 2.41 s
darts =   10,000,000 / 10,000,000,000   pi = 3.14217360   error = 5.809e-04   elapsed = 2.67 s
darts =   11,000,000 / 10,000,000,000   pi = 3.14213600   error = 5.433e-04   elapsed = 2.94 s
darts =   12,000,000 / 10,000,000,000   pi = 3.14208800   error = 4.953e-04   elapsed = 3.21 s
darts =   13,000,000 / 10,000,000,000   pi = 3.14209785   error = 5.052e-04   elapsed = 3.48 s
darts =   14,000,000 / 10,000,000,000   pi = 3.14214886   error = 5.562e-04   elapsed = 3.74 s
darts =   15,000,000 / 10,000,000,000   pi = 3.14209093   error = 4.983e-04   elapsed = 4.01 s
darts =   16,000,000 / 10,000,000,000   pi = 3.14186150   error = 2.688e-04   elapsed = 4.28 s
darts =   17,000,000 / 10,000,000,000   pi = 3.14188047   error = 2.878e-04   elapsed = 4.55 s
darts =   18,000,000 / 10,000,000,000   pi = 3.14175289   error = 1.602e-04   elapsed = 4.81 s
darts =   19,000,000 / 10,000,000,000   pi = 3.14177158   error = 1.789e-04   elapsed = 5.08 s
darts =   20,000,000 / 10,000,000,000   pi = 3.14184720   error = 2.545e-04   elapsed = 5.35 s
darts =   21,000,000 / 10,000,000,000   pi = 3.14186324   error = 2.706e-04   elapsed = 5.62 s
darts =   22,000,000 / 10,000,000,000   pi = 3.14178218   error = 1.895e-04   elapsed = 5.88 s
darts =   23,000,000 / 10,000,000,000   pi = 3.14183200   error = 2.393e-04   elapsed = 6.15 s
darts =   24,000,000 / 10,000,000,000   pi = 3.14194100   error = 3.483e-04   elapsed = 6.42 s
darts =   25,000,000 / 10,000,000,000   pi = 3.14199248   error = 3.998e-04   elapsed = 6.68 s
darts =   26,000,000 / 10,000,000,000   pi = 3.14192369   error = 3.310e-04   elapsed = 6.95 s
darts =   27,000,000 / 10,000,000,000   pi = 3.14191037   error = 3.177e-04   elapsed = 7.22 s
darts =   28,000,000 / 10,000,000,000   pi = 3.14190357   error = 3.109e-04   elapsed = 7.49 s
darts =   29,000,000 / 10,000,000,000   pi = 3.14182883   error = 2.362e-04   elapsed = 7.75 s
darts =   30,000,000 / 10,000,000,000   pi = 3.14181453   error = 2.219e-04   elapsed = 8.02 s
darts =   31,000,000 / 10,000,000,000   pi = 3.14175484   error = 1.622e-04   elapsed = 8.29 s
darts =   32,000,000 / 10,000,000,000   pi = 3.14172675   error = 1.341e-04   elapsed = 8.56 s
darts =   33,000,000 / 10,000,000,000   pi = 3.14171055   error = 1.179e-04   elapsed = 8.82 s
darts =   34,000,000 / 10,000,000,000   pi = 3.14156282   error = 2.983e-05   elapsed = 9.09 s
darts =   35,000,000 / 10,000,000,000   pi = 3.14159086   error = 1.796e-06   elapsed = 9.36 s
darts =   36,000,000 / 10,000,000,000   pi = 3.14161500   error = 2.235e-05   elapsed = 9.62 s
darts =   37,000,000 / 10,000,000,000   pi = 3.14163892   error = 4.627e-05   elapsed = 9.89 s
darts =   38,000,000 / 10,000,000,000   pi = 3.14164905   error = 5.640e-05   elapsed = 10.16 s
darts =   39,000,000 / 10,000,000,000   pi = 3.14167364   error = 8.099e-05   elapsed = 10.43 s
darts =   40,000,000 / 10,000,000,000   pi = 3.14170010   error = 1.074e-04   elapsed = 10.69 s
darts =   41,000,000 / 10,000,000,000   pi = 3.14172956   error = 1.369e-04   elapsed = 10.96 s
darts =   42,000,000 / 10,000,000,000   pi = 3.14169590   error = 1.033e-04   elapsed = 11.23 s
darts =   43,000,000 / 10,000,000,000   pi = 3.14164121   error = 4.856e-05   elapsed = 11.49 s
darts =   44,000,000 / 10,000,000,000   pi = 3.14160227   error = 9.619e-06   elapsed = 11.76 s
darts =   45,000,000 / 10,000,000,000   pi = 3.14163769   error = 4.504e-05   elapsed = 12.03 s
darts =   46,000,000 / 10,000,000,000   pi = 3.14161757   error = 2.491e-05   elapsed = 12.30 s
darts =   47,000,000 / 10,000,000,000   pi = 3.14159464   error = 1.985e-06   elapsed = 12.56 s
darts =   48,000,000 / 10,000,000,000   pi = 3.14152575   error = 6.690e-05   elapsed = 12.83 s
darts =   49,000,000 / 10,000,000,000   pi = 3.14155453   error = 3.812e-05   elapsed = 13.10 s
darts =   50,000,000 / 10,000,000,000   pi = 3.14155256   error = 4.009e-05   elapsed = 13.37 s
darts =   51,000,000 / 10,000,000,000   pi = 3.14156071   error = 3.195e-05   elapsed = 13.63 s
darts =   52,000,000 / 10,000,000,000   pi = 3.14151631   error = 7.635e-05   elapsed = 13.90 s
darts =   53,000,000 / 10,000,000,000   pi = 3.14152098   error = 7.167e-05   elapsed = 14.17 s
darts =   54,000,000 / 10,000,000,000   pi = 3.14152556   error = 6.710e-05   elapsed = 14.43 s
darts =   55,000,000 / 10,000,000,000   pi = 3.14149818   error = 9.447e-05   elapsed = 14.70 s
darts =   56,000,000 / 10,000,000,000   pi = 3.14149429   error = 9.837e-05   elapsed = 14.97 s
darts =   57,000,000 / 10,000,000,000   pi = 3.14152821   error = 6.444e-05   elapsed = 15.24 s
darts =   58,000,000 / 10,000,000,000   pi = 3.14156766   error = 2.500e-05   elapsed = 15.50 s
darts =   59,000,000 / 10,000,000,000   pi = 3.14155627   error = 3.638e-05   elapsed = 15.77 s
darts =   60,000,000 / 10,000,000,000   pi = 3.14157480   error = 1.785e-05   elapsed = 16.04 s
darts =   61,000,000 / 10,000,000,000   pi = 3.14158426   error = 8.391e-06   elapsed = 16.31 s
darts =   62,000,000 / 10,000,000,000   pi = 3.14159148   error = 1.170e-06   elapsed = 16.57 s
darts =   63,000,000 / 10,000,000,000   pi = 3.14160248   error = 9.823e-06   elapsed = 16.84 s
darts =   64,000,000 / 10,000,000,000   pi = 3.14161887   error = 2.622e-05   elapsed = 17.11 s
darts =   65,000,000 / 10,000,000,000   pi = 3.14157902   error = 1.364e-05   elapsed = 17.37 s
darts =   66,000,000 / 10,000,000,000   pi = 3.14155721   error = 3.544e-05   elapsed = 17.64 s
darts =   67,000,000 / 10,000,000,000   pi = 3.14155749   error = 3.516e-05   elapsed = 17.91 s
darts =   68,000,000 / 10,000,000,000   pi = 3.14158335   error = 9.301e-06   elapsed = 18.18 s
darts =   69,000,000 / 10,000,000,000   pi = 3.14158064   error = 1.202e-05   elapsed = 18.44 s
darts =   70,000,000 / 10,000,000,000   pi = 3.14155897   error = 3.368e-05   elapsed = 18.71 s
darts =   71,000,000 / 10,000,000,000   pi = 3.14156896   error = 2.370e-05   elapsed = 18.98 s
darts =   72,000,000 / 10,000,000,000   pi = 3.14156111   error = 3.154e-05   elapsed = 19.24 s
darts =   73,000,000 / 10,000,000,000   pi = 3.14153611   error = 5.654e-05   elapsed = 19.51 s
darts =   74,000,000 / 10,000,000,000   pi = 3.14156114   error = 3.152e-05   elapsed = 19.78 s
darts =   75,000,000 / 10,000,000,000   pi = 3.14155883   error = 3.383e-05   elapsed = 20.04 s
darts =   76,000,000 / 10,000,000,000   pi = 3.14154900   error = 4.365e-05   elapsed = 20.31 s
darts =   77,000,000 / 10,000,000,000   pi = 3.14158509   error = 7.563e-06   elapsed = 20.58 s
darts =   78,000,000 / 10,000,000,000   pi = 3.14158749   error = 5.166e-06   elapsed = 20.85 s
darts =   79,000,000 / 10,000,000,000   pi = 3.14158901   error = 3.641e-06   elapsed = 21.11 s
darts =   80,000,000 / 10,000,000,000   pi = 3.14159675   error = 4.096e-06   elapsed = 21.38 s
darts =   81,000,000 / 10,000,000,000   pi = 3.14160844   error = 1.579e-05   elapsed = 21.65 s
darts =   82,000,000 / 10,000,000,000   pi = 3.14159283   error = 1.757e-07   elapsed = 21.91 s
darts =   83,000,000 / 10,000,000,000   pi = 3.14157933   error = 1.333e-05   elapsed = 22.18 s
darts =   84,000,000 / 10,000,000,000   pi = 3.14157267   error = 1.999e-05   elapsed = 22.45 s
darts =   85,000,000 / 10,000,000,000   pi = 3.14156753   error = 2.512e-05   elapsed = 22.72 s
darts =   86,000,000 / 10,000,000,000   pi = 3.14155367   error = 3.898e-05   elapsed = 22.98 s
darts =   87,000,000 / 10,000,000,000   pi = 3.14152189   error = 7.077e-05   elapsed = 23.25 s
darts =   88,000,000 / 10,000,000,000   pi = 3.14152605   error = 6.661e-05   elapsed = 23.52 s
darts =   89,000,000 / 10,000,000,000   pi = 3.14152881   error = 6.384e-05   elapsed = 23.78 s
darts =   90,000,000 / 10,000,000,000   pi = 3.14153111   error = 6.154e-05   elapsed = 24.05 s
darts =   91,000,000 / 10,000,000,000   pi = 3.14150738   error = 8.527e-05   elapsed = 24.32 s
darts =   92,000,000 / 10,000,000,000   pi = 3.14152843   error = 6.422e-05   elapsed = 24.59 s
darts =   93,000,000 / 10,000,000,000   pi = 3.14153970   error = 5.295e-05   elapsed = 24.85 s
darts =   94,000,000 / 10,000,000,000   pi = 3.14153540   error = 5.725e-05   elapsed = 25.12 s
darts =   95,000,000 / 10,000,000,000   pi = 3.14152678   error = 6.587e-05   elapsed = 25.39 s
darts =   96,000,000 / 10,000,000,000   pi = 3.14152542   error = 6.724e-05   elapsed = 25.65 s
darts =   97,000,000 / 10,000,000,000   pi = 3.14155278   error = 3.987e-05   elapsed = 25.92 s
darts =   98,000,000 / 10,000,000,000   pi = 3.14150686   error = 8.580e-05   elapsed = 26.19 s
darts =   99,000,000 / 10,000,000,000   pi = 3.14152315   error = 6.950e-05   elapsed = 26.45 s
darts =  100,000,000 / 10,000,000,000   pi = 3.14152532   error = 6.733e-05   elapsed = 26.72 s
darts =  101,000,000 / 10,000,000,000   pi = 3.14153006   error = 6.259e-05   elapsed = 26.99 s
darts =  102,000,000 / 10,000,000,000   pi = 3.14151894   error = 7.371e-05   elapsed = 27.26 s
darts =  103,000,000 / 10,000,000,000   pi = 3.14151254   error = 8.011e-05   elapsed = 27.53 s
darts =  104,000,000 / 10,000,000,000   pi = 3.14150473   error = 8.792e-05   elapsed = 27.79 s
darts =  105,000,000 / 10,000,000,000   pi = 3.14150834   error = 8.431e-05   elapsed = 28.06 s
darts =  106,000,000 / 10,000,000,000   pi = 3.14149242   error = 1.002e-04   elapsed = 28.33 s
darts =  107,000,000 / 10,000,000,000   pi = 3.14150363   error = 8.903e-05   elapsed = 28.59 s
darts =  108,000,000 / 10,000,000,000   pi = 3.14148048   error = 1.122e-04   elapsed = 28.86 s
darts =  109,000,000 / 10,000,000,000   pi = 3.14146804   error = 1.246e-04   elapsed = 29.13 s
darts =  110,000,000 / 10,000,000,000   pi = 3.14148836   error = 1.043e-04   elapsed = 29.40 s
darts =  111,000,000 / 10,000,000,000   pi = 3.14148861   error = 1.040e-04   elapsed = 29.67 s
darts =  112,000,000 / 10,000,000,000   pi = 3.14151825   error = 7.440e-05   elapsed = 29.93 s
darts =  113,000,000 / 10,000,000,000   pi = 3.14151972   error = 7.294e-05   elapsed = 30.20 s
darts =  114,000,000 / 10,000,000,000   pi = 3.14152288   error = 6.978e-05   elapsed = 30.47 s
darts =  115,000,000 / 10,000,000,000   pi = 3.14156605   error = 2.660e-05   elapsed = 30.74 s
darts =  116,000,000 / 10,000,000,000   pi = 3.14157800   error = 1.465e-05   elapsed = 31.00 s
darts =  117,000,000 / 10,000,000,000   pi = 3.14156875   error = 2.390e-05   elapsed = 31.27 s
darts =  118,000,000 / 10,000,000,000   pi = 3.14157651   error = 1.615e-05   elapsed = 31.54 s
darts =  119,000,000 / 10,000,000,000   pi = 3.14157244   error = 2.022e-05   elapsed = 31.80 s
darts =  120,000,000 / 10,000,000,000   pi = 3.14157003   error = 2.262e-05   elapsed = 32.07 s
darts =  121,000,000 / 10,000,000,000   pi = 3.14156992   error = 2.274e-05   elapsed = 32.34 s
darts =  122,000,000 / 10,000,000,000   pi = 3.14159039   error = 2.260e-06   elapsed = 32.61 s
darts =  123,000,000 / 10,000,000,000   pi = 3.14156865   error = 2.400e-05   elapsed = 32.87 s
darts =  124,000,000 / 10,000,000,000   pi = 3.14156539   error = 2.727e-05   elapsed = 33.14 s
darts =  125,000,000 / 10,000,000,000   pi = 3.14155898   error = 3.368e-05   elapsed = 33.41 s
darts =  126,000,000 / 10,000,000,000   pi = 3.14159187   error = 7.806e-07   elapsed = 33.68 s
darts =  127,000,000 / 10,000,000,000   pi = 3.14158570   error = 6.953e-06   elapsed = 33.94 s
darts =  128,000,000 / 10,000,000,000   pi = 3.14158359   error = 9.060e-06   elapsed = 34.21 s
darts =  129,000,000 / 10,000,000,000   pi = 3.14156831   error = 2.434e-05   elapsed = 34.48 s
darts =  130,000,000 / 10,000,000,000   pi = 3.14157514   error = 1.752e-05   elapsed = 34.75 s
darts =  131,000,000 / 10,000,000,000   pi = 3.14155508   error = 3.757e-05   elapsed = 35.01 s
darts =  132,000,000 / 10,000,000,000   pi = 3.14156618   error = 2.647e-05   elapsed = 35.28 s
darts =  133,000,000 / 10,000,000,000   pi = 3.14157465   error = 1.801e-05   elapsed = 35.55 s
darts =  134,000,000 / 10,000,000,000   pi = 3.14158839   error = 4.266e-06   elapsed = 35.81 s
darts =  135,000,000 / 10,000,000,000   pi = 3.14157935   error = 1.331e-05   elapsed = 36.08 s
darts =  136,000,000 / 10,000,000,000   pi = 3.14156206   error = 3.059e-05   elapsed = 36.35 s
darts =  137,000,000 / 10,000,000,000   pi = 3.14157177   error = 2.089e-05   elapsed = 36.62 s
darts =  138,000,000 / 10,000,000,000   pi = 3.14159264   error = 1.591e-08   elapsed = 36.88 s
darts =  139,000,000 / 10,000,000,000   pi = 3.14159885   error = 6.195e-06   elapsed = 37.15 s
darts =  140,000,000 / 10,000,000,000   pi = 3.14159146   error = 1.196e-06   elapsed = 37.42 s
darts =  141,000,000 / 10,000,000,000   pi = 3.14156953   error = 2.312e-05   elapsed = 37.68 s
darts =  142,000,000 / 10,000,000,000   pi = 3.14157820   error = 1.446e-05   elapsed = 37.95 s
darts =  143,000,000 / 10,000,000,000   pi = 3.14157264   error = 2.001e-05   elapsed = 38.22 s
darts =  144,000,000 / 10,000,000,000   pi = 3.14157189   error = 2.076e-05   elapsed = 38.49 s
darts =  145,000,000 / 10,000,000,000   pi = 3.14156179   error = 3.086e-05   elapsed = 38.75 s
darts =  146,000,000 / 10,000,000,000   pi = 3.14158362   error = 9.037e-06   elapsed = 39.02 s
darts =  147,000,000 / 10,000,000,000   pi = 3.14159216   error = 4.903e-07   elapsed = 39.29 s
darts =  148,000,000 / 10,000,000,000   pi = 3.14159300   error = 3.464e-07   elapsed = 39.56 s
darts =  149,000,000 / 10,000,000,000   pi = 3.14158983   error = 2.828e-06   elapsed = 39.82 s
darts =  150,000,000 / 10,000,000,000   pi = 3.14159576   error = 3.106e-06   elapsed = 40.09 s
darts =  151,000,000 / 10,000,000,000   pi = 3.14158821   error = 4.442e-06   elapsed = 40.36 s
darts =  152,000,000 / 10,000,000,000   pi = 3.14159355   error = 8.990e-07   elapsed = 40.62 s
darts =  153,000,000 / 10,000,000,000   pi = 3.14160871   error = 1.605e-05   elapsed = 40.89 s
darts =  154,000,000 / 10,000,000,000   pi = 3.14160068   error = 8.022e-06   elapsed = 41.16 s
darts =  155,000,000 / 10,000,000,000   pi = 3.14159357   error = 9.206e-07   elapsed = 41.42 s
darts =  156,000,000 / 10,000,000,000   pi = 3.14159797   error = 5.321e-06   elapsed = 41.69 s
darts =  157,000,000 / 10,000,000,000   pi = 3.14161536   error = 2.271e-05   elapsed = 41.96 s
darts =  158,000,000 / 10,000,000,000   pi = 3.14161514   error = 2.249e-05   elapsed = 42.23 s
darts =  159,000,000 / 10,000,000,000   pi = 3.14161592   error = 2.327e-05   elapsed = 42.49 s
darts =  160,000,000 / 10,000,000,000   pi = 3.14161408   error = 2.142e-05   elapsed = 42.76 s
darts =  161,000,000 / 10,000,000,000   pi = 3.14160042   error = 7.769e-06   elapsed = 43.03 s
darts =  162,000,000 / 10,000,000,000   pi = 3.14159970   error = 7.050e-06   elapsed = 43.30 s
darts =  163,000,000 / 10,000,000,000   pi = 3.14159745   error = 4.794e-06   elapsed = 43.56 s
darts =  164,000,000 / 10,000,000,000   pi = 3.14159073   error = 1.922e-06   elapsed = 43.83 s
darts =  165,000,000 / 10,000,000,000   pi = 3.14158621   error = 6.448e-06   elapsed = 44.10 s
darts =  166,000,000 / 10,000,000,000   pi = 3.14158448   error = 8.172e-06   elapsed = 44.36 s
darts =  167,000,000 / 10,000,000,000   pi = 3.14159169   error = 9.650e-07   elapsed = 44.63 s
darts =  168,000,000 / 10,000,000,000   pi = 3.14159955   error = 6.894e-06   elapsed = 44.90 s
darts =  169,000,000 / 10,000,000,000   pi = 3.14160933   error = 1.667e-05   elapsed = 45.17 s
darts =  170,000,000 / 10,000,000,000   pi = 3.14160433   error = 1.168e-05   elapsed = 45.43 s
darts =  171,000,000 / 10,000,000,000   pi = 3.14159960   error = 6.949e-06   elapsed = 45.70 s
darts =  172,000,000 / 10,000,000,000   pi = 3.14159749   error = 4.835e-06   elapsed = 45.97 s
darts =  173,000,000 / 10,000,000,000   pi = 3.14159482   error = 2.167e-06   elapsed = 46.24 s
darts =  174,000,000 / 10,000,000,000   pi = 3.14159492   error = 2.266e-06   elapsed = 46.50 s
darts =  175,000,000 / 10,000,000,000   pi = 3.14160539   error = 1.274e-05   elapsed = 46.77 s
darts =  176,000,000 / 10,000,000,000   pi = 3.14162377   error = 3.112e-05   elapsed = 47.04 s
darts =  177,000,000 / 10,000,000,000   pi = 3.14162866   error = 3.600e-05   elapsed = 47.30 s
darts =  178,000,000 / 10,000,000,000   pi = 3.14162470   error = 3.204e-05   elapsed = 47.57 s
darts =  179,000,000 / 10,000,000,000   pi = 3.14162688   error = 3.423e-05   elapsed = 47.84 s
darts =  180,000,000 / 10,000,000,000   pi = 3.14162476   error = 3.210e-05   elapsed = 48.11 s
darts =  181,000,000 / 10,000,000,000   pi = 3.14162504   error = 3.239e-05   elapsed = 48.37 s
darts =  182,000,000 / 10,000,000,000   pi = 3.14161495   error = 2.229e-05   elapsed = 48.64 s
darts =  183,000,000 / 10,000,000,000   pi = 3.14161528   error = 2.263e-05   elapsed = 48.91 s
darts =  184,000,000 / 10,000,000,000   pi = 3.14160746   error = 1.480e-05   elapsed = 49.17 s
darts =  185,000,000 / 10,000,000,000   pi = 3.14159178   error = 8.698e-07   elapsed = 49.44 s
darts =  186,000,000 / 10,000,000,000   pi = 3.14159256   error = 9.445e-08   elapsed = 49.71 s
darts =  187,000,000 / 10,000,000,000   pi = 3.14159256   error = 9.744e-08   elapsed = 49.98 s
darts =  188,000,000 / 10,000,000,000   pi = 3.14160536   error = 1.271e-05   elapsed = 50.24 s
darts =  189,000,000 / 10,000,000,000   pi = 3.14160182   error = 9.167e-06   elapsed = 50.51 s
darts =  190,000,000 / 10,000,000,000   pi = 3.14160318   error = 1.053e-05   elapsed = 50.78 s
darts =  191,000,000 / 10,000,000,000   pi = 3.14160997   error = 1.731e-05   elapsed = 51.04 s
darts =  192,000,000 / 10,000,000,000   pi = 3.14162013   error = 2.747e-05   elapsed = 51.31 s
darts =  193,000,000 / 10,000,000,000   pi = 3.14163540   error = 4.275e-05   elapsed = 51.58 s
darts =  194,000,000 / 10,000,000,000   pi = 3.14163786   error = 4.520e-05   elapsed = 51.85 s
darts =  195,000,000 / 10,000,000,000   pi = 3.14164673   error = 5.407e-05   elapsed = 52.11 s
darts =  196,000,000 / 10,000,000,000   pi = 3.14164941   error = 5.675e-05   elapsed = 52.38 s
darts =  197,000,000 / 10,000,000,000   pi = 3.14166879   error = 7.614e-05   elapsed = 52.65 s
darts =  198,000,000 / 10,000,000,000   pi = 3.14166234   error = 6.969e-05   elapsed = 52.92 s
darts =  199,000,000 / 10,000,000,000   pi = 3.14166921   error = 7.655e-05   elapsed = 53.18 s
darts =  200,000,000 / 10,000,000,000   pi = 3.14167946   error = 8.681e-05   elapsed = 53.45 s
darts =  201,000,000 / 10,000,000,000   pi = 3.14167345   error = 8.080e-05   elapsed = 53.72 s
darts =  202,000,000 / 10,000,000,000   pi = 3.14167261   error = 7.996e-05   elapsed = 53.98 s
darts =  203,000,000 / 10,000,000,000   pi = 3.14167196   error = 7.931e-05   elapsed = 54.25 s
darts =  204,000,000 / 10,000,000,000   pi = 3.14168359   error = 9.093e-05   elapsed = 54.52 s
darts =  205,000,000 / 10,000,000,000   pi = 3.14167984   error = 8.719e-05   elapsed = 54.79 s
darts =  206,000,000 / 10,000,000,000   pi = 3.14167623   error = 8.358e-05   elapsed = 55.05 s
darts =  207,000,000 / 10,000,000,000   pi = 3.14167583   error = 8.317e-05   elapsed = 55.32 s
darts =  208,000,000 / 10,000,000,000   pi = 3.14168002   error = 8.737e-05   elapsed = 55.59 s
darts =  209,000,000 / 10,000,000,000   pi = 3.14168752   error = 9.487e-05   elapsed = 55.85 s
darts =  210,000,000 / 10,000,000,000   pi = 3.14168130   error = 8.864e-05   elapsed = 56.12 s
darts =  211,000,000 / 10,000,000,000   pi = 3.14169678   error = 1.041e-04   elapsed = 56.39 s
darts =  212,000,000 / 10,000,000,000   pi = 3.14169932   error = 1.067e-04   elapsed = 56.66 s
darts =  213,000,000 / 10,000,000,000   pi = 3.14168588   error = 9.322e-05   elapsed = 56.92 s
darts =  214,000,000 / 10,000,000,000   pi = 3.14168665   error = 9.400e-05   elapsed = 57.19 s
darts =  215,000,000 / 10,000,000,000   pi = 3.14168231   error = 8.965e-05   elapsed = 57.46 s
darts =  216,000,000 / 10,000,000,000   pi = 3.14168330   error = 9.064e-05   elapsed = 57.73 s
darts =  217,000,000 / 10,000,000,000   pi = 3.14166876   error = 7.610e-05   elapsed = 57.99 s
darts =  218,000,000 / 10,000,000,000   pi = 3.14166444   error = 7.179e-05   elapsed = 58.26 s
darts =  219,000,000 / 10,000,000,000   pi = 3.14166188   error = 6.923e-05   elapsed = 58.53 s
darts =  220,000,000 / 10,000,000,000   pi = 3.14166565   error = 7.300e-05   elapsed = 58.80 s
darts =  221,000,000 / 10,000,000,000   pi = 3.14167611   error = 8.346e-05   elapsed = 59.06 s
darts =  222,000,000 / 10,000,000,000   pi = 3.14167910   error = 8.645e-05   elapsed = 59.33 s
darts =  223,000,000 / 10,000,000,000   pi = 3.14166560   error = 7.294e-05   elapsed = 59.60 s
darts =  224,000,000 / 10,000,000,000   pi = 3.14167252   error = 7.986e-05   elapsed = 59.87 s
darts =  225,000,000 / 10,000,000,000   pi = 3.14166933   error = 7.668e-05   elapsed = 60.13 s
darts =  226,000,000 / 10,000,000,000   pi = 3.14168657   error = 9.391e-05   elapsed = 60.40 s
darts =  227,000,000 / 10,000,000,000   pi = 3.14167625   error = 8.359e-05   elapsed = 60.67 s
darts =  228,000,000 / 10,000,000,000   pi = 3.14167621   error = 8.356e-05   elapsed = 60.93 s
darts =  229,000,000 / 10,000,000,000   pi = 3.14166583   error = 7.318e-05   elapsed = 61.20 s
darts =  230,000,000 / 10,000,000,000   pi = 3.14166520   error = 7.255e-05   elapsed = 61.47 s
darts =  231,000,000 / 10,000,000,000   pi = 3.14167030   error = 7.765e-05   elapsed = 61.74 s
darts =  232,000,000 / 10,000,000,000   pi = 3.14166131   error = 6.866e-05   elapsed = 62.00 s
darts =  233,000,000 / 10,000,000,000   pi = 3.14166491   error = 7.226e-05   elapsed = 62.27 s
darts =  234,000,000 / 10,000,000,000   pi = 3.14166909   error = 7.644e-05   elapsed = 62.54 s
darts =  235,000,000 / 10,000,000,000   pi = 3.14165700   error = 6.435e-05   elapsed = 62.81 s
darts =  236,000,000 / 10,000,000,000   pi = 3.14165149   error = 5.884e-05   elapsed = 63.07 s
darts =  237,000,000 / 10,000,000,000   pi = 3.14164749   error = 5.484e-05   elapsed = 63.34 s
darts =  238,000,000 / 10,000,000,000   pi = 3.14165524   error = 6.259e-05   elapsed = 63.61 s
darts =  239,000,000 / 10,000,000,000   pi = 3.14164946   error = 5.680e-05   elapsed = 63.87 s
darts =  240,000,000 / 10,000,000,000   pi = 3.14165387   error = 6.121e-05   elapsed = 64.14 s
darts =  241,000,000 / 10,000,000,000   pi = 3.14165205   error = 5.940e-05   elapsed = 64.41 s
darts =  242,000,000 / 10,000,000,000   pi = 3.14165453   error = 6.188e-05   elapsed = 64.67 s
darts =  243,000,000 / 10,000,000,000   pi = 3.14166069   error = 6.804e-05   elapsed = 64.94 s
darts =  244,000,000 / 10,000,000,000   pi = 3.14165613   error = 6.348e-05   elapsed = 65.21 s
darts =  245,000,000 / 10,000,000,000   pi = 3.14165876   error = 6.611e-05   elapsed = 65.48 s
darts =  246,000,000 / 10,000,000,000   pi = 3.14166148   error = 6.883e-05   elapsed = 65.74 s
darts =  247,000,000 / 10,000,000,000   pi = 3.14165720   error = 6.454e-05   elapsed = 66.01 s
darts =  248,000,000 / 10,000,000,000   pi = 3.14166166   error = 6.901e-05   elapsed = 66.28 s
darts =  249,000,000 / 10,000,000,000   pi = 3.14165083   error = 5.817e-05   elapsed = 66.54 s
darts =  250,000,000 / 10,000,000,000   pi = 3.14165136   error = 5.871e-05   elapsed = 66.81 s
darts =  251,000,000 / 10,000,000,000   pi = 3.14164424   error = 5.159e-05   elapsed = 67.08 s
darts =  252,000,000 / 10,000,000,000   pi = 3.14165275   error = 6.009e-05   elapsed = 67.35 s
darts =  253,000,000 / 10,000,000,000   pi = 3.14165153   error = 5.887e-05   elapsed = 67.61 s
darts =  254,000,000 / 10,000,000,000   pi = 3.14165197   error = 5.931e-05   elapsed = 67.88 s
darts =  255,000,000 / 10,000,000,000   pi = 3.14165906   error = 6.641e-05   elapsed = 68.15 s
darts =  256,000,000 / 10,000,000,000   pi = 3.14165297   error = 6.032e-05   elapsed = 68.41 s
darts =  257,000,000 / 10,000,000,000   pi = 3.14165732   error = 6.467e-05   elapsed = 68.68 s
darts =  258,000,000 / 10,000,000,000   pi = 3.14166155   error = 6.890e-05   elapsed = 68.95 s
darts =  259,000,000 / 10,000,000,000   pi = 3.14166797   error = 7.532e-05   elapsed = 69.22 s
darts =  260,000,000 / 10,000,000,000   pi = 3.14167771   error = 8.505e-05   elapsed = 69.48 s
darts =  261,000,000 / 10,000,000,000   pi = 3.14167802   error = 8.537e-05   elapsed = 69.75 s
darts =  262,000,000 / 10,000,000,000   pi = 3.14168974   error = 9.709e-05   elapsed = 70.02 s
darts =  263,000,000 / 10,000,000,000   pi = 3.14170554   error = 1.129e-04   elapsed = 70.28 s
darts =  264,000,000 / 10,000,000,000   pi = 3.14169877   error = 1.061e-04   elapsed = 70.55 s
darts =  265,000,000 / 10,000,000,000   pi = 3.14170880   error = 1.161e-04   elapsed = 70.82 s
darts =  266,000,000 / 10,000,000,000   pi = 3.14170405   error = 1.114e-04   elapsed = 71.09 s
darts =  267,000,000 / 10,000,000,000   pi = 3.14169098   error = 9.833e-05   elapsed = 71.35 s
darts =  268,000,000 / 10,000,000,000   pi = 3.14169799   error = 1.053e-04   elapsed = 71.62 s
darts =  269,000,000 / 10,000,000,000   pi = 3.14169982   error = 1.072e-04   elapsed = 71.89 s
darts =  270,000,000 / 10,000,000,000   pi = 3.14170295   error = 1.103e-04   elapsed = 72.16 s
darts =  271,000,000 / 10,000,000,000   pi = 3.14170576   error = 1.131e-04   elapsed = 72.42 s
darts =  272,000,000 / 10,000,000,000   pi = 3.14170171   error = 1.091e-04   elapsed = 72.69 s
darts =  273,000,000 / 10,000,000,000   pi = 3.14170935   error = 1.167e-04   elapsed = 72.96 s
darts =  274,000,000 / 10,000,000,000   pi = 3.14170638   error = 1.137e-04   elapsed = 73.22 s
darts =  275,000,000 / 10,000,000,000   pi = 3.14170444   error = 1.118e-04   elapsed = 73.49 s
darts =  276,000,000 / 10,000,000,000   pi = 3.14170361   error = 1.110e-04   elapsed = 73.76 s
darts =  277,000,000 / 10,000,000,000   pi = 3.14170747   error = 1.148e-04   elapsed = 74.03 s
darts =  278,000,000 / 10,000,000,000   pi = 3.14170612   error = 1.135e-04   elapsed = 74.29 s
darts =  279,000,000 / 10,000,000,000   pi = 3.14170199   error = 1.093e-04   elapsed = 74.56 s
darts =  280,000,000 / 10,000,000,000   pi = 3.14169797   error = 1.053e-04   elapsed = 74.83 s
darts =  281,000,000 / 10,000,000,000   pi = 3.14170288   error = 1.102e-04   elapsed = 75.09 s
darts =  282,000,000 / 10,000,000,000   pi = 3.14170488   error = 1.122e-04   elapsed = 75.36 s
darts =  283,000,000 / 10,000,000,000   pi = 3.14169004   error = 9.738e-05   elapsed = 75.63 s
darts =  284,000,000 / 10,000,000,000   pi = 3.14169732   error = 1.047e-04   elapsed = 75.90 s
darts =  285,000,000 / 10,000,000,000   pi = 3.14170888   error = 1.162e-04   elapsed = 76.16 s
darts =  286,000,000 / 10,000,000,000   pi = 3.14171067   error = 1.180e-04   elapsed = 76.43 s
darts =  287,000,000 / 10,000,000,000   pi = 3.14171089   error = 1.182e-04   elapsed = 76.70 s
darts =  288,000,000 / 10,000,000,000   pi = 3.14170825   error = 1.156e-04   elapsed = 76.96 s
darts =  289,000,000 / 10,000,000,000   pi = 3.14170804   error = 1.154e-04   elapsed = 77.23 s
darts =  290,000,000 / 10,000,000,000   pi = 3.14170527   error = 1.126e-04   elapsed = 77.50 s
darts =  291,000,000 / 10,000,000,000   pi = 3.14170509   error = 1.124e-04   elapsed = 77.76 s
darts =  292,000,000 / 10,000,000,000   pi = 3.14170518   error = 1.125e-04   elapsed = 78.03 s
darts =  293,000,000 / 10,000,000,000   pi = 3.14170774   error = 1.151e-04   elapsed = 78.30 s
darts =  294,000,000 / 10,000,000,000   pi = 3.14170099   error = 1.083e-04   elapsed = 78.57 s
darts =  295,000,000 / 10,000,000,000   pi = 3.14169873   error = 1.061e-04   elapsed = 78.83 s
darts =  296,000,000 / 10,000,000,000   pi = 3.14169981   error = 1.072e-04   elapsed = 79.10 s
darts =  297,000,000 / 10,000,000,000   pi = 3.14170039   error = 1.077e-04   elapsed = 79.37 s
darts =  298,000,000 / 10,000,000,000   pi = 3.14169722   error = 1.046e-04   elapsed = 79.63 s
darts =  299,000,000 / 10,000,000,000   pi = 3.14170150   error = 1.088e-04   elapsed = 79.90 s
darts =  300,000,000 / 10,000,000,000   pi = 3.14168816   error = 9.551e-05   elapsed = 80.17 s
darts =  301,000,000 / 10,000,000,000   pi = 3.14168494   error = 9.229e-05   elapsed = 80.44 s
darts =  302,000,000 / 10,000,000,000   pi = 3.14167366   error = 8.100e-05   elapsed = 80.70 s
darts =  303,000,000 / 10,000,000,000   pi = 3.14166771   error = 7.506e-05   elapsed = 80.97 s
darts =  304,000,000 / 10,000,000,000   pi = 3.14166693   error = 7.428e-05   elapsed = 81.24 s
darts =  305,000,000 / 10,000,000,000   pi = 3.14167201   error = 7.936e-05   elapsed = 81.51 s
darts =  306,000,000 / 10,000,000,000   pi = 3.14166906   error = 7.641e-05   elapsed = 81.77 s
darts =  307,000,000 / 10,000,000,000   pi = 3.14167290   error = 8.025e-05   elapsed = 82.04 s
darts =  308,000,000 / 10,000,000,000   pi = 3.14167314   error = 8.049e-05   elapsed = 82.31 s
darts =  309,000,000 / 10,000,000,000   pi = 3.14167710   error = 8.445e-05   elapsed = 82.57 s
darts =  310,000,000 / 10,000,000,000   pi = 3.14167328   error = 8.062e-05   elapsed = 82.84 s
darts =  311,000,000 / 10,000,000,000   pi = 3.14167167   error = 7.901e-05   elapsed = 83.11 s
darts =  312,000,000 / 10,000,000,000   pi = 3.14166946   error = 7.681e-05   elapsed = 83.37 s
darts =  313,000,000 / 10,000,000,000   pi = 3.14167282   error = 8.016e-05   elapsed = 83.64 s
darts =  314,000,000 / 10,000,000,000   pi = 3.14167231   error = 7.965e-05   elapsed = 83.91 s
darts =  315,000,000 / 10,000,000,000   pi = 3.14167592   error = 8.327e-05   elapsed = 84.18 s
darts =  316,000,000 / 10,000,000,000   pi = 3.14167544   error = 8.279e-05   elapsed = 84.44 s
darts =  317,000,000 / 10,000,000,000   pi = 3.14168300   error = 9.035e-05   elapsed = 84.71 s
darts =  318,000,000 / 10,000,000,000   pi = 3.14168458   error = 9.193e-05   elapsed = 84.98 s
darts =  319,000,000 / 10,000,000,000   pi = 3.14167921   error = 8.656e-05   elapsed = 85.25 s
darts =  320,000,000 / 10,000,000,000   pi = 3.14168764   error = 9.498e-05   elapsed = 85.51 s
darts =  321,000,000 / 10,000,000,000   pi = 3.14168864   error = 9.598e-05   elapsed = 85.78 s
darts =  322,000,000 / 10,000,000,000   pi = 3.14168906   error = 9.640e-05   elapsed = 86.05 s
darts =  323,000,000 / 10,000,000,000   pi = 3.14169513   error = 1.025e-04   elapsed = 86.31 s
darts =  324,000,000 / 10,000,000,000   pi = 3.14168879   error = 9.614e-05   elapsed = 86.58 s
darts =  325,000,000 / 10,000,000,000   pi = 3.14168625   error = 9.360e-05   elapsed = 86.85 s
darts =  326,000,000 / 10,000,000,000   pi = 3.14168050   error = 8.785e-05   elapsed = 87.12 s
darts =  327,000,000 / 10,000,000,000   pi = 3.14167557   error = 8.292e-05   elapsed = 87.38 s
darts =  328,000,000 / 10,000,000,000   pi = 3.14167695   error = 8.430e-05   elapsed = 87.65 s
darts =  329,000,000 / 10,000,000,000   pi = 3.14167878   error = 8.613e-05   elapsed = 87.92 s
darts =  330,000,000 / 10,000,000,000   pi = 3.14168073   error = 8.807e-05   elapsed = 88.19 s
darts =  331,000,000 / 10,000,000,000   pi = 3.14167885   error = 8.620e-05   elapsed = 88.45 s
darts =  332,000,000 / 10,000,000,000   pi = 3.14167955   error = 8.690e-05   elapsed = 88.72 s
darts =  333,000,000 / 10,000,000,000   pi = 3.14168342   error = 9.077e-05   elapsed = 88.99 s
darts =  334,000,000 / 10,000,000,000   pi = 3.14168293   error = 9.028e-05   elapsed = 89.26 s
darts =  335,000,000 / 10,000,000,000   pi = 3.14167969   error = 8.704e-05   elapsed = 89.52 s
darts =  336,000,000 / 10,000,000,000   pi = 3.14167057   error = 7.792e-05   elapsed = 89.79 s
darts =  337,000,000 / 10,000,000,000   pi = 3.14166749   error = 7.484e-05   elapsed = 90.06 s
darts =  338,000,000 / 10,000,000,000   pi = 3.14166133   error = 6.867e-05   elapsed = 90.32 s
darts =  339,000,000 / 10,000,000,000   pi = 3.14165848   error = 6.582e-05   elapsed = 90.59 s
darts =  340,000,000 / 10,000,000,000   pi = 3.14165941   error = 6.676e-05   elapsed = 90.86 s
darts =  341,000,000 / 10,000,000,000   pi = 3.14165914   error = 6.649e-05   elapsed = 91.13 s
darts =  342,000,000 / 10,000,000,000   pi = 3.14166802   error = 7.537e-05   elapsed = 91.39 s

========================================================================
Termination signal received
========================================================================
Signal             : SIGUSR1
Completed darts    : 342,615,676
Saving checkpoint ...
Checkpoint saved   : checkpoints/pi_signal.pkl
Exiting cleanly.
========================================================================
