============================================================
DMTCP checkpoint job
============================================================
Job ID           : 51003605
Node             : holy8a26602.rc.fas.harvard.edu
Coordinator port : 42475
Start            : Tue Oct  6 22:29:23 EDT 2026
============================================================
============================================================
DMTCP long-running demo application
============================================================
PID            : 40000
Host           : holy8a26602.rc.fas.harvard.edu
Iterations     : 600
Sleep/iter     : 1000 ms
Checkpoint code: NONE
============================================================
iteration =    1   accumulator = 1.00000000
iteration =    2   accumulator = 2.41421356
iteration =    3   accumulator = 4.14626437
iteration =    4   accumulator = 6.14626437
iteration =    5   accumulator = 8.38233235
iteration =    6   accumulator = 10.83182209
iteration =    7   accumulator = 13.47757340
iteration =    8   accumulator = 16.30600053
iteration =    9   accumulator = 19.30600053
iteration =   10   accumulator = 22.46827819
iteration =   11   accumulator = 25.78490298
iteration =   12   accumulator = 29.24900459
iteration =   13   accumulator = 32.85455587
iteration =   14   accumulator = 36.59621325
iteration =   15   accumulator = 40.46919660
iteration =   16   accumulator = 44.46919660
iteration =   17   accumulator = 48.59230223
iteration =   18   accumulator = 52.83494291
iteration =   19   accumulator = 57.19384186
iteration =   20   accumulator = 61.66597781
iteration =   21   accumulator = 66.24855351
iteration =   22   accumulator = 70.93896927
iteration =   23   accumulator = 75.73480079
iteration =   24   accumulator = 80.63378028
iteration =   25   accumulator = 85.63378028
iteration =   26   accumulator = 90.73279979
iteration =   27   accumulator = 95.92895221
iteration =   28   accumulator = 101.22045483
iteration =   29   accumulator = 106.60561964
iteration =   30   accumulator = 112.08284522
iteration =   31   accumulator = 117.65060958
iteration =   32   accumulator = 123.30746383
iteration =   33   accumulator = 129.05202647
iteration =   34   accumulator = 134.88297837
iteration =   35   accumulator = 140.79905815
iteration =   36   accumulator = 146.79905815
iteration =   37   accumulator = 152.88182068
iteration =   38   accumulator = 159.04623469
iteration =   39   accumulator = 165.29123268
iteration =   40   accumulator = 171.61578800
iteration =   41   accumulator = 178.01891224
iteration =   42   accumulator = 184.49965294
iteration =   43   accumulator = 191.05709146
iteration =   44   accumulator = 197.69034105
iteration =   45   accumulator = 204.39854498
iteration =   46   accumulator = 211.18087496
iteration =   47   accumulator = 218.03652956
iteration =   48   accumulator = 224.96473279
iteration =   49   accumulator = 231.96473279
iteration =   50   accumulator = 239.03580060
iteration =   51   accumulator = 246.17722903
iteration =   52   accumulator = 253.38833158
iteration =   53   accumulator = 260.66844147
iteration =   54   accumulator = 268.01691070
iteration =   55   accumulator = 275.43310919
iteration =   56   accumulator = 282.91642396
iteration =   57   accumulator = 290.46625840
iteration =   58   accumulator = 298.08203150
iteration =   59   accumulator = 305.76317725
iteration =   60   accumulator = 313.50914394
iteration =   61   accumulator = 321.31939362
iteration =   62   accumulator = 329.19340149
iteration =   63   accumulator = 337.13065543
iteration =   64   accumulator = 345.13065543
iteration =   65   accumulator = 353.19291317
iteration =   66   accumulator = 361.31695158
iteration =   67   accumulator = 369.50230435
iteration =   68   accumulator = 377.74851560
iteration =   69   accumulator = 386.05513946
iteration =   70   accumulator = 394.42173973
iteration =   71   accumulator = 402.84788950
iteration =   72   accumulator = 411.33317088
iteration =   73   accumulator = 419.87717462
iteration =   74   accumulator = 428.47949989
iteration =   75   accumulator = 437.13975393
iteration =   76   accumulator = 445.85755181
iteration =   77   accumulator = 454.63251620
iteration =   78   accumulator = 463.46427707
iteration =   79   accumulator = 472.35247149
iteration =   80   accumulator = 481.29674340
iteration =   81   accumulator = 490.29674340
iteration =   82   accumulator = 499.35212853
iteration =   83   accumulator = 508.46256211
iteration =   84   accumulator = 517.62771350
iteration =   85   accumulator = 526.84725796
iteration =   86   accumulator = 536.12087646
iteration =   87   accumulator = 545.44825551
iteration =   88   accumulator = 554.82908703
iteration =   89   accumulator = 564.26306816
iteration =   90   accumulator = 573.74990114
iteration =   91   accumulator = 583.28929316
iteration =   92   accumulator = 592.88095620
iteration =   93   accumulator = 602.52460696
iteration =   94   accumulator = 612.21996668
iteration =   95   accumulator = 621.96676102
iteration =   96   accumulator = 631.76471999
iteration =   97   accumulator = 641.61357780
iteration =   98   accumulator = 651.51307273
iteration =   99   accumulator = 661.46294710
iteration =  100   accumulator = 671.46294710
iteration =  101   accumulator = 681.51282272
iteration =  102   accumulator = 691.61232766
iteration =  103   accumulator = 701.76121923
iteration =  104   accumulator = 711.95925825
iteration =  105   accumulator = 722.20620902
iteration =  106   accumulator = 732.50183916
iteration =  107   accumulator = 742.84591959
iteration =  108   accumulator = 753.23822444
iteration =  109   accumulator = 763.67853095
iteration =  110   accumulator = 774.16661943
iteration =  111   accumulator = 784.70227318
iteration =  112   accumulator = 795.28527843
iteration =  113   accumulator = 805.91542424
iteration =  114   accumulator = 816.59250249
iteration =  115   accumulator = 827.31630779
iteration =  116   accumulator = 838.08663740
iteration =  117   accumulator = 848.90329123
iteration =  118   accumulator = 859.76607172
iteration =  119   accumulator = 870.67478383
iteration =  120   accumulator = 881.62923498
iteration =  121   accumulator = 892.62923498
iteration =  122   accumulator = 903.67459600
iteration =  123   accumulator = 914.76513251
iteration =  124   accumulator = 925.90066123
iteration =  125   accumulator = 937.08100112
iteration =  126   accumulator = 948.30597328
iteration =  127   accumulator = 959.57540095
iteration =  128   accumulator = 970.88910945
iteration =  129   accumulator = 982.24692614
iteration =  130   accumulator = 993.64868039
iteration =  131   accumulator = 1005.09420353
iteration =  132   accumulator = 1016.58332883
iteration =  133   accumulator = 1028.11589142
iteration =  134   accumulator = 1039.69172832
iteration =  135   accumulator = 1051.31067836
iteration =  136   accumulator = 1062.97258215
iteration =  137   accumulator = 1074.67728206
iteration =  138   accumulator = 1086.42462219
iteration =  139   accumulator = 1098.21444831
iteration =  140   accumulator = 1110.04660788
iteration =  141   accumulator = 1121.92094996
iteration =  142   accumulator = 1133.83732525
iteration =  143   accumulator = 1145.79558600
iteration =  144   accumulator = 1157.79558600
iteration =  145   accumulator = 1169.83718057
iteration =  146   accumulator = 1181.92022655
iteration =  147   accumulator = 1194.04458220
iteration =  148   accumulator = 1206.21010726
iteration =  149   accumulator = 1218.41666288
iteration =  150   accumulator = 1230.66411159
iteration =  151   accumulator = 1242.95231732
iteration =  152   accumulator = 1255.28114532
iteration =  153   accumulator = 1267.65046220
iteration =  154   accumulator = 1280.06013585
iteration =  155   accumulator = 1292.51003544
iteration =  156   accumulator = 1305.00003144
iteration =  157   accumulator = 1317.52999553
iteration =  158   accumulator = 1330.09980062
iteration =  159   accumulator = 1342.70932083
iteration =  160   accumulator = 1355.35843147
iteration =  161   accumulator = 1368.04700901
iteration =  162   accumulator = 1380.77493107
iteration =  163   accumulator = 1393.54207641
iteration =  164   accumulator = 1406.34832488
iteration =  165   accumulator = 1419.19355746
iteration =  166   accumulator = 1432.07765619
iteration =  167   accumulator = 1445.00050417
iteration =  168   accumulator = 1457.96198557
iteration =  169   accumulator = 1470.96198557
iteration =  170   accumulator = 1484.00039038
iteration =  171   accumulator = 1497.07708721
iteration =  172   accumulator = 1510.19196426
iteration =  173   accumulator = 1523.34491070
iteration =  174   accumulator = 1536.53581665
iteration =  175   accumulator = 1549.76457321
iteration =  176   accumulator = 1563.03107237
iteration =  177   accumulator = 1576.33520707
iteration =  178   accumulator = 1589.67687113
iteration =  179   accumulator = 1603.05595929
