============================================================
DMTCP restart job
============================================================
Job ID           : 51004999
Node             : holy8a26602.rc.fas.harvard.edu
Coordinator port : 39805
Restart          : Tue Oct  6 22:42:50 EDT 2026
============================================================
iteration =  123   accumulator = 914.76513251
iteration =  124   accumulator = 925.90066123
iteration =  125   accumulator = 937.08100112
iteration =  126   accumulator = 948.30597328
iteration =  127   accumulator = 959.57540095
iteration =  128   accumulator = 970.88910945
iteration =  129   accumulator = 982.24692614
iteration =  130   accumulator = 993.64868039
iteration =  131   accumulator = 1005.09420353
iteration =  132   accumulator = 1016.58332883
iteration =  133   accumulator = 1028.11589142
iteration =  134   accumulator = 1039.69172832
iteration =  135   accumulator = 1051.31067836
iteration =  136   accumulator = 1062.97258215
iteration =  137   accumulator = 1074.67728206
iteration =  138   accumulator = 1086.42462219
iteration =  139   accumulator = 1098.21444831
iteration =  140   accumulator = 1110.04660788
iteration =  141   accumulator = 1121.92094996
iteration =  142   accumulator = 1133.83732525
iteration =  143   accumulator = 1145.79558600
iteration =  144   accumulator = 1157.79558600
iteration =  145   accumulator = 1169.83718057
iteration =  146   accumulator = 1181.92022655
iteration =  147   accumulator = 1194.04458220
iteration =  148   accumulator = 1206.21010726
iteration =  149   accumulator = 1218.41666288
iteration =  150   accumulator = 1230.66411159
iteration =  151   accumulator = 1242.95231732
iteration =  152   accumulator = 1255.28114532
iteration =  153   accumulator = 1267.65046220
iteration =  154   accumulator = 1280.06013585
iteration =  155   accumulator = 1292.51003544
iteration =  156   accumulator = 1305.00003144
iteration =  157   accumulator = 1317.52999553
iteration =  158   accumulator = 1330.09980062
iteration =  159   accumulator = 1342.70932083
iteration =  160   accumulator = 1355.35843147
iteration =  161   accumulator = 1368.04700901
iteration =  162   accumulator = 1380.77493107
iteration =  163   accumulator = 1393.54207641
iteration =  164   accumulator = 1406.34832488
iteration =  165   accumulator = 1419.19355746
iteration =  166   accumulator = 1432.07765619
iteration =  167   accumulator = 1445.00050417
iteration =  168   accumulator = 1457.96198557
iteration =  169   accumulator = 1470.96198557
iteration =  170   accumulator = 1484.00039038
iteration =  171   accumulator = 1497.07708721
iteration =  172   accumulator = 1510.19196426
iteration =  173   accumulator = 1523.34491070
iteration =  174   accumulator = 1536.53581665
iteration =  175   accumulator = 1549.76457321
iteration =  176   accumulator = 1563.03107237
iteration =  177   accumulator = 1576.33520707
iteration =  178   accumulator = 1589.67687113
iteration =  179   accumulator = 1603.05595929
iteration =  180   accumulator = 1616.47236716
iteration =  181   accumulator = 1629.92599120
iteration =  182   accumulator = 1643.41672877
iteration =  183   accumulator = 1656.94447802
iteration =  184   accumulator = 1670.50913799
iteration =  185   accumulator = 1684.11060850
iteration =  186   accumulator = 1697.74879020
iteration =  187   accumulator = 1711.42358453
iteration =  188   accumulator = 1725.13489373
iteration =  189   accumulator = 1738.88262081
iteration =  190   accumulator = 1752.66666957
iteration =  191   accumulator = 1766.48694453
iteration =  192   accumulator = 1780.34335099
iteration =  193   accumulator = 1794.23579498
iteration =  194   accumulator = 1808.16418325
iteration =  195   accumulator = 1822.12842330
iteration =  196   accumulator = 1836.12842330
iteration =  197   accumulator = 1850.16409215
iteration =  198   accumulator = 1864.23533942
iteration =  199   accumulator = 1878.34207540
iteration =  200   accumulator = 1892.48421103
iteration =  201   accumulator = 1906.66165791
iteration =  202   accumulator = 1920.87432831
iteration =  203   accumulator = 1935.12213516
iteration =  204   accumulator = 1949.40499202
iteration =  205   accumulator = 1963.72281308
iteration =  206   accumulator = 1978.07551317
iteration =  207   accumulator = 1992.46300774
iteration =  208   accumulator = 2006.88521285
iteration =  209   accumulator = 2021.34204514
iteration =  210   accumulator = 2035.83342189
iteration =  211   accumulator = 2050.35926093
iteration =  212   accumulator = 2064.91948071
iteration =  213   accumulator = 2079.51400023
iteration =  214   accumulator = 2094.14273907
iteration =  215   accumulator = 2108.80561737
iteration =  216   accumulator = 2123.50255582
iteration =  217   accumulator = 2138.23347569
iteration =  218   accumulator = 2152.99829875
iteration =  219   accumulator = 2167.79694733
iteration =  220   accumulator = 2182.62934431
iteration =  221   accumulator = 2197.49541306
iteration =  222   accumulator = 2212.39507748
iteration =  223   accumulator = 2227.32826201
iteration =  224   accumulator = 2242.29489155
iteration =  225   accumulator = 2257.29489155
iteration =  226   accumulator = 2272.32818793
iteration =  227   accumulator = 2287.39470710
iteration =  228   accumulator = 2302.49437597
iteration =  229   accumulator = 2317.62712192
iteration =  230   accumulator = 2332.79287281
iteration =  231   accumulator = 2347.99155697
iteration =  232   accumulator = 2363.22310318
iteration =  233   accumulator = 2378.48744070
iteration =  234   accumulator = 2393.78449924
iteration =  235   accumulator = 2409.11420896
iteration =  236   accumulator = 2424.47650045
iteration =  237   accumulator = 2439.87130477
iteration =  238   accumulator = 2455.29855339
iteration =  239   accumulator = 2470.75817823
iteration =  240   accumulator = 2486.25011161
iteration =  241   accumulator = 2501.77428631
iteration =  242   accumulator = 2517.33063549
iteration =  243   accumulator = 2532.91909276
iteration =  244   accumulator = 2548.53959211
iteration =  245   accumulator = 2564.19206796
iteration =  246   accumulator = 2579.87645510
iteration =  247   accumulator = 2595.59268874
iteration =  248   accumulator = 2611.34070449
iteration =  249   accumulator = 2627.12043833
iteration =  250   accumulator = 2642.93182663
iteration =  251   accumulator = 2658.77480615
iteration =  252   accumulator = 2674.64931401
iteration =  253   accumulator = 2690.55528773
iteration =  254   accumulator = 2706.49266519
iteration =  255   accumulator = 2722.46138461
iteration =  256   accumulator = 2738.46138461
iteration =  257   accumulator = 2754.49260415
iteration =  258   accumulator = 2770.55498255
iteration =  259   accumulator = 2786.64845949
iteration =  260   accumulator = 2802.77297499
iteration =  261   accumulator = 2818.92846941
iteration =  262   accumulator = 2835.11488347
iteration =  263   accumulator = 2851.33215821
iteration =  264   accumulator = 2867.58023502
iteration =  265   accumulator = 2883.85905561
iteration =  266   accumulator = 2900.16856204
iteration =  267   accumulator = 2916.50869668
iteration =  268   accumulator = 2932.87940223
iteration =  269   accumulator = 2949.28062169
iteration =  270   accumulator = 2965.71229842
iteration =  271   accumulator = 2982.17437605
iteration =  272   accumulator = 2998.66679855
iteration =  273   accumulator = 3015.18951020
iteration =  274   accumulator = 3031.74245555
iteration =  275   accumulator = 3048.32557950
iteration =  276   accumulator = 3064.93882723
iteration =  277   accumulator = 3081.58214421
iteration =  278   accumulator = 3098.25547621
iteration =  279   accumulator = 3114.95876930
iteration =  280   accumulator = 3131.69196983
iteration =  281   accumulator = 3148.45502444
iteration =  282   accumulator = 3165.24788006
iteration =  283   accumulator = 3182.07048391
iteration =  284   accumulator = 3198.92278345
iteration =  285   accumulator = 3215.80472647
iteration =  286   accumulator = 3232.71626099
iteration =  287   accumulator = 3249.65733534
iteration =  288   accumulator = 3266.62789809
iteration =  289   accumulator = 3283.62789809
iteration =  290   accumulator = 3300.65728445
iteration =  291   accumulator = 3317.71600656
iteration =  292   accumulator = 3334.80401405
iteration =  293   accumulator = 3351.92125682
iteration =  294   accumulator = 3369.06768502
iteration =  295   accumulator = 3386.24324906
iteration =  296   accumulator = 3403.44789959
iteration =  297   accumulator = 3420.68158753
iteration =  298   accumulator = 3437.94426403
iteration =  299   accumulator = 3455.23588050
iteration =  300   accumulator = 3472.55638858
iteration =  301   accumulator = 3489.90574015
iteration =  302   accumulator = 3507.28388735
iteration =  303   accumulator = 3524.69078253
iteration =  304   accumulator = 3542.12637831
iteration =  305   accumulator = 3559.59062750
iteration =  306   accumulator = 3577.08348319
iteration =  307   accumulator = 3594.60489866
iteration =  308   accumulator = 3612.15482743
iteration =  309   accumulator = 3629.73322326
iteration =  310   accumulator = 3647.34004012
iteration =  311   accumulator = 3664.97523221
iteration =  312   accumulator = 3682.63875394
iteration =  313   accumulator = 3700.33055996
iteration =  314   accumulator = 3718.05060510
iteration =  315   accumulator = 3735.79884445
iteration =  316   accumulator = 3753.57523329
iteration =  317   accumulator = 3771.37972710
iteration =  318   accumulator = 3789.21228160
